bin\AdminServer.dll
bin\binkw32.dll
bin\bsppack.dll
bin\bugreporter.dll
bin\bugreporter_public.dll
bin\datacache.dll
bin\datamodel.dll
bin\dmserializers.dll
bin\dxsupport.cfg
bin\dxsupport_episodic.cfg
bin\FileSystem_Steam.dll
bin\FileSystemOpenDialog.dll
bin\friendsui.dll
bin\GameUI.dll
bin\inputsystem.dll
bin\launcher.dll
bin\mdllib.dll
bin\Mss32.dll
bin\mssmp3.asi
bin\mssvoice.asi
bin\msvcr71.dll
bin\parsifal.dll
bin\rdmwin32.dll
bin\scenefilecache.dll
bin\ServerBrowser.dll
bin\serverplugin_empty.dll
bin\shaderapidx9.dll
bin\shaderapiempty.dll
bin\SoundEmitterSystem.dll
bin\soundsystem.dll
bin\stdshader_dbg.dll
bin\stdshader_dx6.dll
bin\stdshader_dx7.dll
bin\stdshader_dx8.dll
bin\stdshader_dx9.dll
bin\steam_api.dll
bin\StudioRender.dll
bin\texturecompile_dll.dll
bin\tier0.dll
bin\tier0_s.dll
bin\unicode.dll
bin\unicows.dll
bin\unitlib.dll
bin\valve_avi.dll
bin\vaudio_miles.dll
bin\vaudio_speex.dll
bin\vgui2.dll
bin\vguimatsurface.dll
bin\vidcfg.bin
bin\vphysics.dll
bin\vstdlib.dll
bin\vstdlib_s.dll
bin\vtex.dll
bin\xinput1_3.dll
hl2\cfg\360controller.cfg
hl2\cfg\chapter1.cfg
hl2\cfg\chapter10.cfg
hl2\cfg\chapter11.cfg
hl2\cfg\chapter12.cfg
hl2\cfg\chapter13.cfg
hl2\cfg\chapter14.cfg
hl2\cfg\chapter2.cfg
hl2\cfg\chapter3.cfg
hl2\cfg\chapter4.cfg
hl2\cfg\chapter5.cfg
hl2\cfg\chapter6.cfg
hl2\cfg\chapter7.cfg
hl2\cfg\chapter8.cfg
hl2\cfg\chapter9.cfg
hl2\cfg\chapter9a.cfg
hl2\cfg\config.360.cfg
hl2\cfg\config_default.cfg
hl2\cfg\e3_depot.cfg
hl2\cfg\e3_lab.cfg
hl2\cfg\e3_ship.cfg
hl2\cfg\e3_strider.cfg
hl2\cfg\e3_terminal.cfg
hl2\cfg\e3_town.cfg
hl2\cfg\e3demo.cfg
hl2\cfg\entity.cfg
hl2\cfg\lab.cfg
hl2\cfg\map_edit.cfg
hl2\cfg\modsettings.cfg
hl2\cfg\SFM_DefaultAnimationGroups.txt
hl2\cfg\skill.cfg
hl2\cfg\skill_manifest.cfg
hl2\cfg\start.cfg
hl2\cfg\steering_wheel.cfg
hl2\cfg\thirdperson.cfg
hl2\cfg\thirdperson_joy360.cfg
hl2\cfg\thirdperson_keypad.cfg
hl2\cfg\thirdperson_mayamode.cfg
hl2\cfg\undo360controller.cfg
hl2\cfg\valve.rc
hl2\expressions\phonemes.txt
hl2\expressions\phonemes.vfe
hl2\expressions\phonemes_strong.txt
hl2\expressions\phonemes_strong.vfe
hl2\expressions\phonemes_weak.txt
hl2\expressions\phonemes_weak.vfe
hl2\expressions\random.txt
hl2\expressions\random.vfe
hl2\expressions\randomAlert.txt
hl2\expressions\randomalert.vfe
hl2\media\StartupVids.txt
hl2\media\valve.bik
hl2\resource\UI\AchievementItem.res
hl2\resource\UI\AchievementNotification.res
hl2\resource\UI\AchievementsDialog.res
hl2\resource\UI\AppChooser.res
hl2\resource\UI\BaseChat.res
hl2\resource\UI\chatfilters.res
hl2\resource\UI\ClassMenu.res
hl2\resource\UI\MOTD.res
hl2\resource\UI\Plugin.res
hl2\resource\UI\PluginHud.res
hl2\resource\UI\PluginMenu.res
hl2\resource\UI\ScoreBoard.res
hl2\resource\UI\TextWindow.res
hl2\resource\UI\VideoPanel.res
hl2\resource\UI\XboxDialogs.res
hl2\resource\askconnectpanel.res
hl2\resource\BaseActionCDTrackStartDialog.res
hl2\resource\BaseActionPauseDialog.res
hl2\resource\BaseActionPlaybackRateDialog.res
hl2\resource\BaseActionPlayCommandsDialog.res
hl2\resource\BaseActionPlaySoundStartDialog.res
hl2\resource\BaseActionScreenFadeStartDialog.res
hl2\resource\BaseActionSkipAheadDialog.res
hl2\resource\BaseActionStopPlaybackDialog.res
hl2\resource\BaseActionTextMessageStartDialog.res
hl2\resource\BaseActionZoomDialog.res
hl2\resource\BenchmarkDialog.res
hl2\resource\BenchmarkResultsDialog.res
hl2\resource\block.cur
hl2\resource\BonusMapPanel.res
hl2\resource\BonusMapsDialog.res
hl2\resource\BoxRocket.res
hl2\resource\BOXROCKET.ttf
hl2\resource\boxrocket_english.txt
hl2\resource\bugreporter.res
hl2\resource\BugReporterUploadFinished.res
hl2\resource\BugReporterUploadProgress.res
hl2\resource\BugUIPanel.res
hl2\resource\BugUIPanel_Filequeue.res
hl2\resource\BugUIPanel_Public.res
hl2\resource\BxBookmarkDialog.res
hl2\resource\BxChooseMidiSource.res
hl2\resource\BxClipBrowserClientArea.res
hl2\resource\BxClipBrowserPage.res
hl2\resource\BxClipEditorStoryboardPage.res
hl2\resource\BxClipEditorTimelinePage.res
hl2\resource\BxClipImagePanel.res
hl2\resource\BxClipImageStoryboardPanel.res
hl2\resource\BxClipPlayer.res
hl2\resource\BxElementProperties.res
hl2\resource\BxElementPropertiesTree.res
hl2\resource\BxElementPropertiesTreeFrame.res
hl2\resource\BxFilterLog.res
hl2\resource\BxFullscreenViewport.res
hl2\resource\BxInteractiveFilmMakerInfo.res
hl2\resource\BxMovieRecord.res
hl2\resource\bxmovierecordprogress.res
hl2\resource\BxPosterLayoff.res
hl2\resource\BxRecordGame.res
hl2\resource\BxSaveDocumentQuery.res
hl2\resource\BxTimeCode.res
hl2\resource\BxViewport.res
hl2\resource\chat_danish.txt
hl2\resource\chat_dutch.txt
hl2\resource\chat_english.txt
hl2\resource\chat_finnish.txt
hl2\resource\chat_norwegian.txt
hl2\resource\chat_polish.txt
hl2\resource\chat_russian.txt
hl2\resource\chat_swedish.txt
hl2\resource\ChatScheme.res
hl2\resource\ClientScheme.res
hl2\resource\closecaption_danish.dat
hl2\resource\closecaption_danish.txt
hl2\resource\closecaption_dutch.dat
hl2\resource\closecaption_dutch.txt
hl2\resource\closecaption_english.dat
hl2\resource\closecaption_english.txt
hl2\resource\closecaption_finnish.dat
hl2\resource\closecaption_finnish.txt
hl2\resource\closecaption_french.dat
hl2\resource\closecaption_french.txt
hl2\resource\closecaption_german.dat
hl2\resource\closecaption_german.txt
hl2\resource\closecaption_italian.dat
hl2\resource\closecaption_italian.txt
hl2\resource\closecaption_japanese.dat
hl2\resource\closecaption_japanese.txt
hl2\resource\closecaption_korean.dat
hl2\resource\closecaption_korean.txt
hl2\resource\closecaption_koreana.dat
hl2\resource\closecaption_koreana.txt
hl2\resource\closecaption_norwegian.dat
hl2\resource\closecaption_norwegian.txt
hl2\resource\closecaption_polish.dat
hl2\resource\closecaption_polish.txt
hl2\resource\closecaption_portuguese.dat
hl2\resource\closecaption_portuguese.txt
hl2\resource\closecaption_russian.dat
hl2\resource\closecaption_russian.txt
hl2\resource\closecaption_schinese.dat
hl2\resource\closecaption_schinese.txt
hl2\resource\closecaption_spanish.dat
hl2\resource\closecaption_spanish.txt
hl2\resource\closecaption_swedish.dat
hl2\resource\closecaption_swedish.txt
hl2\resource\closecaption_tchinese.dat
hl2\resource\closecaption_tchinese.txt
hl2\resource\closecaption_thai.dat
hl2\resource\closecaption_thai.txt
hl2\resource\ColorBalanceUIPanel.res
hl2\resource\ColorCorrectionUIPanel.res
hl2\resource\ColorCurvesUIPanel.res
hl2\resource\ColorLevelsUIPanel.res
hl2\resource\ColorLookupUIPanel.res
hl2\resource\ColorOperationListPanel.res
hl2\resource\colorpicker.cur
hl2\resource\CombinePanelScheme.res
hl2\resource\commentarydialog.res
hl2\resource\CommentaryExplanationDialog.res
hl2\resource\commentarynodebrowserpanel.res
hl2\resource\commentarypropertiespanel.res
hl2\resource\commentarypropertiessubpanel_node.res
hl2\resource\commentarypropertiessubpanel_target.res
hl2\resource\ContentControlDialog.res
hl2\resource\CreateMultiplayerGameGameplayPage.res
hl2\resource\CreateMultiplayerGameServerPage.res
hl2\resource\crosshair.cur
hl2\resource\CustomBindingProperties.res
hl2\resource\DemoEditorPanel.res
hl2\resource\DemoSmootherPanel.res
hl2\resource\DemoUIPanel.res
hl2\resource\DemoUIPanel2.res
hl2\resource\DialogOptionsIngame.res
hl2\resource\dmecontrols_english.txt
hl2\resource\drag_copy.cur
hl2\resource\drag_link.cur
hl2\resource\drag_move.cur
hl2\resource\entity.cur
hl2\resource\entityreportpanel.res
hl2\resource\eyedropper.cur
hl2\resource\g15.res
hl2\resource\game.ico
hl2\resource\game_1bpp.ico
hl2\resource\GameEvents.res
hl2\resource\GameMenu.res
hl2\resource\gameui_danish.txt
hl2\resource\gameui_dutch.txt
hl2\resource\gameui_english.txt
hl2\resource\gameui_finnish.txt
hl2\resource\gameui_french.txt
hl2\resource\gameui_german.txt
hl2\resource\gameui_italian.txt
hl2\resource\gameui_japanese.txt
hl2\resource\gameui_korean.txt
hl2\resource\gameui_koreana.txt
hl2\resource\gameui_norwegian.txt
hl2\resource\gameui_polish.txt
hl2\resource\gameui_portuguese.txt
hl2\resource\gameui_russian.txt
hl2\resource\gameui_schinese.txt
hl2\resource\gameui_spanish.txt
hl2\resource\gameui_swedish.txt
hl2\resource\gameui_tchinese.txt
hl2\resource\gameui_thai.txt
hl2\resource\HALFLIFE2.ttf
hl2\resource\hl2_danish.txt
hl2\resource\hl2_dutch.txt
hl2\resource\hl2_english.txt
hl2\resource\hl2_finnish.txt
hl2\resource\hl2_french.txt
hl2\resource\hl2_german.txt
hl2\resource\hl2_italian.txt
hl2\resource\hl2_japanese.txt
hl2\resource\hl2_korean.txt
hl2\resource\hl2_koreana.txt
hl2\resource\hl2_norwegian.txt
hl2\resource\hl2_polish.txt
hl2\resource\hl2_portuguese.txt
hl2\resource\hl2_russian.txt
hl2\resource\hl2_schinese.txt
hl2\resource\hl2_spanish.txt
hl2\resource\hl2_swedish.txt
hl2\resource\hl2_tchinese.txt
hl2\resource\hl2_thai.txt
hl2\resource\HL2crosshairs.ttf
hl2\resource\HL2EP2.ttf
hl2\resource\hltvevents.res
hl2\resource\ifm_cliproll.cur
hl2\resource\ifm_cliprsr.cur
hl2\resource\ifm_clipscale.cur
hl2\resource\ifm_curve.cur
hl2\resource\ifm_dragin.cur
hl2\resource\ifm_dragin_roll.cur
hl2\resource\ifm_dragin_scale.cur
hl2\resource\ifm_dragout.cur
hl2\resource\ifm_dragout_roll.cur
hl2\resource\ifm_dragout_scale.cur
hl2\resource\ifm_grab.cur
hl2\resource\ifm_inout.cur
hl2\resource\ifm_inout_rr.cur
hl2\resource\ifm_inout_rs.cur
hl2\resource\ifm_inout_scale.cur
hl2\resource\ifm_inout_sr.cur
hl2\resource\ifm_inout_ss.cur
hl2\resource\ifm_move.cur
hl2\resource\ifm_multiselect_after.cur
hl2\resource\ifm_scaler.cur
hl2\resource\ifm_select_after.cur
hl2\resource\ifm_ts_doubleline.cur
hl2\resource\ifm_ts_full_region.cur
hl2\resource\ifm_ts_line.cur
hl2\resource\ifm_ts_region.cur
hl2\resource\infotargetbrowserpanel.res
hl2\resource\infotargetpropertiespanel.res
hl2\resource\infotargetpropertiessubpanel_target.res
hl2\resource\jumptotime.cur
hl2\resource\keybindinghelpdialog.res
hl2\resource\KeyBoardEditorDialog.res
hl2\resource\keyboardeditorpage.res
hl2\resource\KeyBoardEditorPanel.res
hl2\resource\LoadGameDialog.res
hl2\resource\LoadingDialogError.res
hl2\resource\LoadingDialogErrorLoggedInElsewhere.res
hl2\resource\LoadingDialogErrorNoSteamConnection.res
hl2\resource\LoadingDialogErrorVACBanned.res
hl2\resource\LoadingDialogNoBanner.res
hl2\resource\LoadingDialogNoBannerSingle.res
hl2\resource\LoadingDialogVAC.res
hl2\resource\LoadingDiscPanel.res
hl2\resource\LogGenerationDialog.res
hl2\resource\LookupViewWindow.res
hl2\resource\magnify.cur
hl2\resource\mp3player.res
hl2\resource\mp3player_english.txt
hl2\resource\mp3settings.txt
hl2\resource\MultiplayerAdvancedDialog.res
hl2\resource\MultiplayerCustomizeDialog.res
hl2\resource\NewGameChapterPanel.res
hl2\resource\NewGameDialog.res
hl2\resource\newobj.cur
hl2\resource\newoperationdialog.res
hl2\resource\OptionsSubAudio.res
hl2\resource\OptionsSubAudioThirdPartyDlg.res
hl2\resource\OptionsSubDifficulty.res
hl2\resource\OptionsSubKeyboard.res
hl2\resource\OptionsSubKeyboardAdvancedDlg.res
hl2\resource\OptionsSubMouse.res
hl2\resource\OptionsSubPortal.res
hl2\resource\OptionsSubVideo.res
hl2\resource\OptionsSubVideoAdvancedDlg.res
hl2\resource\OptionsSubVideoGammaDlg.res
hl2\resource\OptionsSubVideoThirdPartyDlg.res
hl2\resource\OptionsSubVoice.res
hl2\resource\particlechildrenpicker.res
hl2\resource\particlefunctionbrowser.res
hl2\resource\particlefunctionpicker.res
hl2\resource\particlesystemdefinitionbrowser.res
hl2\resource\particlesystempropertiespanel.res
hl2\resource\PerfOcclusionUIPanel.res
hl2\resource\PerfPropFadeUIPanel.res
hl2\resource\PerfUIPanel.res
hl2\resource\PostCommentaryDialog.res
hl2\resource\presetpicker.res
hl2\resource\presetremappanel.res
hl2\resource\refreshlogin.res
hl2\resource\rotate.cur
hl2\resource\SaveBeforeQuitDialog.res
hl2\resource\SaveGameDialog.res
hl2\resource\SaveGamePanel.res
hl2\resource\SelectedHSVUIPanel.res
hl2\resource\serverevents.res
hl2\resource\SetClipNameDialog.res
hl2\resource\setsoundnamedialog.res
hl2\resource\sfm_animationsetcreateframe.res
hl2\resource\sfm_animationsetmodelpickerframe.res
hl2\resource\sfm_animationsetpicker.res
hl2\resource\sfm_animationsetpickerframe.res
hl2\resource\sfm_setprogressiverefinementdialog.res
hl2\resource\sfmextractphonemesdialog.res
hl2\resource\SkillSelectionDialog.res
hl2\resource\SlideshowDisplayScreen.res
hl2\resource\smartclick.cur
hl2\resource\SourceScheme.res
hl2\resource\SteamPasswordDialog.res
hl2\resource\toolactbusy_english.txt
hl2\resource\toolcommedit_english.txt
hl2\resource\toolfoundry_english.txt
hl2\resource\ToolPerforceQuery.res
hl2\resource\toolpet_english.txt
hl2\resource\ToolSaveDocumentQuery.res
hl2\resource\toolshared_english.txt
hl2\resource\toolvcdblock_english.txt
hl2\resource\toolvmt_english.txt
hl2\resource\TrackerScheme.res
hl2\resource\TxViewPanel.res
hl2\resource\valve_danish.txt
hl2\resource\valve_dutch.txt
hl2\resource\valve_english.txt
hl2\resource\valve_finnish.txt
hl2\resource\valve_french.txt
hl2\resource\valve_german.txt
hl2\resource\valve_italian.txt
hl2\resource\valve_japanese.txt
hl2\resource\valve_korean.txt
hl2\resource\valve_koreana.txt
hl2\resource\valve_norwegian.txt
hl2\resource\valve_polish.txt
hl2\resource\valve_portuguese.txt
hl2\resource\valve_russian.txt
hl2\resource\valve_schinese.txt
hl2\resource\valve_spanish.txt
hl2\resource\valve_swedish.txt
hl2\resource\valve_tchinese.txt
hl2\resource\valve_thai.txt
hl2\resource\ValveCDKeyEntryDialog.res
hl2\resource\VideoPanelScheme.res
hl2\resource\VProfPanel.res
hl2\scripts\effects\testeffect.txt
hl2\scripts\screens\slideshow_display_screen.res
hl2\scripts\screens\teleport_countdown_screen.res
hl2\scripts\screens\vgui_test_screen.res
hl2\scripts\talker\interjections.txt
hl2\scripts\talker\nags.txt
hl2\scripts\talker\nags_canals.txt
hl2\scripts\talker\nags_citadel.txt
hl2\scripts\talker\nags_eli_lab.txt
hl2\scripts\talker\nags_k_lab.txt
hl2\scripts\talker\nags_prison.txt
hl2\scripts\talker\nags_trainyard.txt
hl2\scripts\talker\npc_alyx.txt
hl2\scripts\talker\npc_barney.txt
hl2\scripts\talker\npc_citizen.txt
hl2\scripts\talker\npc_citizen_c17.txt
hl2\scripts\talker\npc_citizen_canals.txt
hl2\scripts\talker\npc_citizen_coast.txt
hl2\scripts\talker\npc_citizen_commandermode.txt
hl2\scripts\talker\npc_citizen_tenement.txt
hl2\scripts\talker\npc_citizen_terminal.txt
hl2\scripts\talker\npc_combine.txt
hl2\scripts\talker\npc_grigori.txt
hl2\scripts\talker\npc_vortigaunt.txt
hl2\scripts\talker\response_eli_lab.txt
hl2\scripts\talker\response_k_lab.txt
hl2\scripts\talker\response_rules.txt
hl2\scripts\talker\terminal_pa.txt
hl2\scripts\vehicles\airboat.txt
hl2\scripts\vehicles\apc.txt
hl2\scripts\vehicles\apc_npc.txt
hl2\scripts\vehicles\cannon.txt
hl2\scripts\vehicles\crane.txt
hl2\scripts\vehicles\digger.txt
hl2\scripts\vehicles\driveway.txt
hl2\scripts\vehicles\fastdigger.txt
hl2\scripts\vehicles\jeep_test.txt
hl2\scripts\vehicles\jetski.txt
hl2\scripts\vehicles\prisoner_pod.txt
hl2\scripts\vehicles\reference_vehicle.txt
hl2\scripts\actbusy.txt
hl2\scripts\actremap.txt
hl2\scripts\bonus_maps_manifest.txt
hl2\scripts\bugreporter_defaults.txt
hl2\scripts\ChapterBackgrounds.txt
hl2\scripts\cheatcodes.txt
hl2\scripts\credits.txt
hl2\scripts\debugoptions.txt
hl2\scripts\decals_subrect.txt
hl2\scripts\dsp_presets.txt
hl2\scripts\EngineVGUILayout.res
hl2\scripts\game_sounds.txt
hl2\scripts\game_sounds_ambient_generic.txt
hl2\scripts\game_sounds_header.txt
hl2\scripts\game_sounds_items.txt
hl2\scripts\game_sounds_manifest.txt
hl2\scripts\game_sounds_physics.txt
hl2\scripts\game_sounds_player.txt
hl2\scripts\game_sounds_ui.txt
hl2\scripts\game_sounds_vehicles.txt
hl2\scripts\game_sounds_weapons.txt
hl2\scripts\game_sounds_world.txt
hl2\scripts\gameinfo.txt
hl2\scripts\GameUIAnimations.txt
hl2\scripts\global_actors.txt
hl2\scripts\hl2_scripts.dsp
hl2\scripts\hud_textures.txt
hl2\scripts\HudAnimations.txt
hl2\scripts\HudLayout.res
hl2\scripts\kb_act.lst
hl2\scripts\kb_def.lst
hl2\scripts\kb_keys.lst
hl2\scripts\level_sounds_breencast.txt
hl2\scripts\level_sounds_canals.txt
hl2\scripts\level_sounds_canals2.txt
hl2\scripts\level_sounds_citadel.txt
hl2\scripts\level_sounds_coast.txt
hl2\scripts\level_sounds_e3_bugbait.txt
hl2\scripts\level_sounds_e3_c17.txt
hl2\scripts\level_sounds_e3_lab.txt
hl2\scripts\level_sounds_e3_town.txt
hl2\scripts\level_sounds_eli_lab.txt
hl2\scripts\level_sounds_k_lab.txt
hl2\scripts\level_sounds_k_lab2.txt
hl2\scripts\level_sounds_music.txt
hl2\scripts\level_sounds_novaprospekt.txt
hl2\scripts\level_sounds_ravenholm.txt
hl2\scripts\level_sounds_ravenholm2.txt
hl2\scripts\level_sounds_streetwar.txt
hl2\scripts\level_sounds_streetwar2.txt
hl2\scripts\level_sounds_trainyard.txt
hl2\scripts\liblist.gam
hl2\scripts\mapautocompile.txt
hl2\scripts\mod_options.360.txt
hl2\scripts\npc_sounds_alyx.txt
hl2\scripts\npc_sounds_antlion.txt
hl2\scripts\npc_sounds_antlionguard.txt
hl2\scripts\npc_sounds_attackheli.txt
hl2\scripts\npc_sounds_barnacle.txt
hl2\scripts\npc_sounds_barney.txt
hl2\scripts\npc_sounds_birds.txt
hl2\scripts\npc_sounds_blackheadcrab.txt
hl2\scripts\npc_sounds_citizen.txt
hl2\scripts\npc_sounds_combine_ball.txt
hl2\scripts\npc_sounds_combine_mine.txt
hl2\scripts\npc_sounds_combinecamera.txt
hl2\scripts\npc_sounds_dog.txt
hl2\scripts\npc_sounds_dropship.txt
hl2\scripts\npc_sounds_eli.txt
hl2\scripts\npc_sounds_env_headcrabcanister.txt
hl2\scripts\npc_sounds_fastheadcrab.txt
hl2\scripts\npc_sounds_fastzombie.txt
hl2\scripts\npc_sounds_gman.txt
hl2\scripts\npc_sounds_gunship.txt
hl2\scripts\npc_sounds_headcrab.txt
hl2\scripts\npc_sounds_ichthyosaur.txt
hl2\scripts\npc_sounds_manhack.txt
hl2\scripts\npc_sounds_metropolice.txt
hl2\scripts\npc_sounds_poisonzombie.txt
hl2\scripts\npc_sounds_rollermine.txt
hl2\scripts\npc_sounds_scanner.txt
hl2\scripts\npc_sounds_sniper.txt
hl2\scripts\npc_sounds_soldier.txt
hl2\scripts\npc_sounds_stalker.txt
hl2\scripts\npc_sounds_strider.txt
hl2\scripts\npc_sounds_turret.txt
hl2\scripts\npc_sounds_vortigaunt.txt
hl2\scripts\npc_sounds_zombie.txt
hl2\scripts\options.360.txt
hl2\scripts\plugin_animations.txt
hl2\scripts\preload_xbox.xsc
hl2\scripts\propdata.txt
hl2\scripts\sentences.txt
hl2\scripts\settings.scr
hl2\scripts\soundmixers.txt
hl2\scripts\soundscapes.txt
hl2\scripts\soundscapes_canals.txt
hl2\scripts\soundscapes_citadel.txt
hl2\scripts\soundscapes_coast.txt
hl2\scripts\soundscapes_elab.txt
hl2\scripts\soundscapes_klab.txt
hl2\scripts\soundscapes_manifest.txt
hl2\scripts\soundscapes_prison.txt
hl2\scripts\soundscapes_streetwar.txt
hl2\scripts\soundscapes_town.txt
hl2\scripts\soundscapes_trainyard.txt
hl2\scripts\surfaceproperties.txt
hl2\scripts\surfaceproperties_hl2.txt
hl2\scripts\surfaceproperties_manifest.txt
hl2\scripts\titles.txt
hl2\scripts\vgui_screens.txt
hl2\scripts\weapon_357.txt
hl2\scripts\weapon_alyxgun.txt
hl2\scripts\weapon_annabelle.txt
hl2\scripts\weapon_ar2.txt
hl2\scripts\weapon_bugbait.txt
hl2\scripts\weapon_citizenpackage.txt
hl2\scripts\weapon_citizensuitcase.txt
hl2\scripts\weapon_crossbow.txt
hl2\scripts\weapon_crowbar.txt
hl2\scripts\weapon_cubemap.txt
hl2\scripts\weapon_frag.txt
hl2\scripts\weapon_manifest.txt
hl2\scripts\weapon_physcannon.txt
hl2\scripts\weapon_physgun.txt
hl2\scripts\weapon_pistol.txt
hl2\scripts\weapon_rpg.txt
hl2\scripts\weapon_shotgun.txt
hl2\scripts\weapon_smg1.txt
hl2\scripts\weapon_stunstick.txt
hl2\shaders\fxc\accumbuff4sample_ps20.vcs
hl2\shaders\fxc\accumbuff4sample_ps20b.vcs
hl2\shaders\fxc\accumbuff5sample_ps20.vcs
hl2\shaders\fxc\accumbuff5sample_ps20b.vcs
hl2\shaders\fxc\aftershock_ps20.vcs
hl2\shaders\fxc\aftershock_ps20b.vcs
hl2\shaders\fxc\aftershock_vs20.vcs
hl2\shaders\fxc\alphadist_ps11.vcs
hl2\shaders\fxc\appchooser360movie_ps20.vcs
hl2\shaders\fxc\appchooser360movie_ps20b.vcs
hl2\shaders\fxc\bik_ps20.vcs
hl2\shaders\fxc\bik_ps20b.vcs
hl2\shaders\fxc\bik_vs20.vcs
hl2\shaders\fxc\Bloom_ps20.vcs
hl2\shaders\fxc\bloom_ps20b.vcs
hl2\shaders\fxc\bloomadd_ps11.vcs
hl2\shaders\fxc\bloomadd_ps20.vcs
hl2\shaders\fxc\bloomadd_ps20b.vcs
hl2\shaders\fxc\BlurFilter_ps20.vcs
hl2\shaders\fxc\blurfilter_ps20b.vcs
hl2\shaders\fxc\BlurFilter_vs11.vcs
hl2\shaders\fxc\BlurFilter_vs20.vcs
hl2\shaders\fxc\bufferclearobeystencil_ps20.vcs
hl2\shaders\fxc\bufferclearobeystencil_ps20b.vcs
hl2\shaders\fxc\bufferclearobeystencil_vs20.vcs
hl2\shaders\fxc\bumpmappedlightmap_vs11.vcs
hl2\shaders\fxc\cable_ps20.vcs
hl2\shaders\fxc\cable_ps20b.vcs
hl2\shaders\fxc\cable_vs20.vcs
hl2\shaders\fxc\cloak_blended_pass_ps20.vcs
hl2\shaders\fxc\cloak_blended_pass_ps20b.vcs
hl2\shaders\fxc\cloak_blended_pass_ps30.vcs
hl2\shaders\fxc\cloak_blended_pass_vs20.vcs
hl2\shaders\fxc\cloak_blended_pass_vs30.vcs
hl2\shaders\fxc\cloak_ps20.vcs
hl2\shaders\fxc\cloak_ps20b.vcs
hl2\shaders\fxc\cloak_ps30.vcs
hl2\shaders\fxc\cloak_vs20.vcs
hl2\shaders\fxc\cloak_vs30.vcs
hl2\shaders\fxc\colorcorrection_ps20.vcs
hl2\shaders\fxc\colorcorrection_ps20b.vcs
hl2\shaders\fxc\constant_color_ps20.vcs
hl2\shaders\fxc\constant_color_ps20b.vcs
hl2\shaders\fxc\copy_fp_rt_ps20.vcs
hl2\shaders\fxc\copy_fp_rt_ps20b.vcs
hl2\shaders\fxc\core_ps20.vcs
hl2\shaders\fxc\core_ps20b.vcs
hl2\shaders\fxc\core_vs11.vcs
hl2\shaders\fxc\core_vs20.vcs
hl2\shaders\fxc\debugdrawdepth_ps20.vcs
hl2\shaders\fxc\debugdrawdepth_ps20b.vcs
hl2\shaders\fxc\debugdrawdepth_vs20.vcs
hl2\shaders\fxc\debugdrawenvmapmask_ps20.vcs
hl2\shaders\fxc\debugdrawenvmapmask_ps20b.vcs
hl2\shaders\fxc\debugdrawenvmapmask_vs20.vcs
hl2\shaders\fxc\debugmorphaccumulator_ps30.vcs
hl2\shaders\fxc\debugmorphaccumulator_vs30.vcs
hl2\shaders\fxc\debugmrttexture_ps20.vcs
hl2\shaders\fxc\debugmrttexture_ps20b.vcs
hl2\shaders\fxc\debugmrttexture_vs20.vcs
hl2\shaders\fxc\debugtangentspace_vs11.vcs
hl2\shaders\fxc\debugtangentspace_vs20.vcs
hl2\shaders\fxc\DebugTextureView_ps20.vcs
hl2\shaders\fxc\DebugTextureView_ps20b.vcs
hl2\shaders\fxc\DebugTextureView_vs20.vcs
hl2\shaders\fxc\decalbasetimeslightmapalphablendselfillum2_ps20.vcs
hl2\shaders\fxc\decalbasetimeslightmapalphablendselfillum2_ps20b.vcs
hl2\shaders\fxc\decalmodulate_ps20.vcs
hl2\shaders\fxc\decalmodulate_ps20b.vcs
hl2\shaders\fxc\decalmodulate_ps30.vcs
hl2\shaders\fxc\depthtodestalpha_ps20b.vcs
hl2\shaders\fxc\depthtodestalpha_vs20.vcs
hl2\shaders\fxc\depthwrite_ps20.vcs
hl2\shaders\fxc\depthwrite_ps20b.vcs
hl2\shaders\fxc\depthwrite_ps30.vcs
hl2\shaders\fxc\depthwrite_vs20.vcs
hl2\shaders\fxc\depthwrite_vs30.vcs
hl2\shaders\fxc\Downsample_nohdr_ps20.vcs
hl2\shaders\fxc\downsample_nohdr_ps20b.vcs
hl2\shaders\fxc\Downsample_ps20.vcs
hl2\shaders\fxc\downsample_ps20b.vcs
hl2\shaders\fxc\Downsample_vs11.vcs
hl2\shaders\fxc\Downsample_vs20.vcs
hl2\shaders\fxc\emissive_scroll_blended_pass_ps20.vcs
hl2\shaders\fxc\emissive_scroll_blended_pass_ps20b.vcs
hl2\shaders\fxc\emissive_scroll_blended_pass_ps30.vcs
hl2\shaders\fxc\emissive_scroll_blended_pass_vs20.vcs
hl2\shaders\fxc\emissive_scroll_blended_pass_vs30.vcs
hl2\shaders\fxc\engine_post_ps20.vcs
hl2\shaders\fxc\engine_post_ps20b.vcs
hl2\shaders\fxc\eye_refract_ps20.vcs
hl2\shaders\fxc\eye_refract_ps20b.vcs
hl2\shaders\fxc\eye_refract_ps30.vcs
hl2\shaders\fxc\eye_refract_vs20.vcs
hl2\shaders\fxc\eye_refract_vs30.vcs
hl2\shaders\fxc\eyeglint_ps20.vcs
hl2\shaders\fxc\eyeglint_ps20b.vcs
hl2\shaders\fxc\eyeglint_vs20.vcs
hl2\shaders\fxc\eyes_flashlight_ps11.vcs
hl2\shaders\fxc\eyes_flashlight_ps20.vcs
hl2\shaders\fxc\eyes_flashlight_ps20b.vcs
hl2\shaders\fxc\eyes_flashlight_ps30.vcs
hl2\shaders\fxc\eyes_flashlight_vs20.vcs
hl2\shaders\fxc\eyes_flashlight_vs30.vcs
hl2\shaders\fxc\eyes_ps20.vcs
hl2\shaders\fxc\eyes_ps20b.vcs
hl2\shaders\fxc\eyes_ps30.vcs
hl2\shaders\fxc\Eyes_vs20.vcs
hl2\shaders\fxc\eyes_vs30.vcs
hl2\shaders\fxc\fillrate_ps11.vcs
hl2\shaders\fxc\fillrate_ps20.vcs
hl2\shaders\fxc\fillrate_ps20b.vcs
hl2\shaders\fxc\fillrate_vs11.vcs
hl2\shaders\fxc\fillrate_vs20.vcs
hl2\shaders\fxc\filmdust_ps11.vcs
hl2\shaders\fxc\filmgrain_ps11.vcs
hl2\shaders\fxc\filmgrain_vs20.vcs
hl2\shaders\fxc\flashlight_ps11.vcs
hl2\shaders\fxc\flashlight_ps20.vcs
hl2\shaders\fxc\flashlight_ps20b.vcs
hl2\shaders\fxc\flesh_interior_blended_pass_ps20.vcs
hl2\shaders\fxc\flesh_interior_blended_pass_ps20b.vcs
hl2\shaders\fxc\flesh_interior_blended_pass_vs20.vcs
hl2\shaders\fxc\floatcombine_autoexpose_ps20.vcs
hl2\shaders\fxc\floatcombine_autoexpose_ps20b.vcs
hl2\shaders\fxc\floatcombine_ps20.vcs
hl2\shaders\fxc\floatcombine_ps20b.vcs
hl2\shaders\fxc\floattoscreen_notonemap_ps20.vcs
hl2\shaders\fxc\floattoscreen_notonemap_ps20b.vcs
hl2\shaders\fxc\floattoscreen_ps20.vcs
hl2\shaders\fxc\floattoscreen_ps20b.vcs
hl2\shaders\fxc\floattoscreen_vanilla_ps20.vcs
hl2\shaders\fxc\floattoscreen_vanilla_ps20b.vcs
hl2\shaders\fxc\HDRCombineTo16Bit_ps20.vcs
hl2\shaders\fxc\hdrcombineto16bit_ps20b.vcs
hl2\shaders\fxc\HDRCombineTo16Bit_vs20.vcs
hl2\shaders\fxc\HDRSelectRange_ps20.vcs
hl2\shaders\fxc\hdrselectrange_ps20b.vcs
hl2\shaders\fxc\HDRSelectRange_vs20.vcs
hl2\shaders\fxc\hsl_filmgrain_pass1_ps20.vcs
hl2\shaders\fxc\hsl_filmgrain_pass1_ps20b.vcs
hl2\shaders\fxc\hsl_filmgrain_pass2_ps20.vcs
hl2\shaders\fxc\hsl_filmgrain_pass2_ps20b.vcs
hl2\shaders\fxc\hsv_ps20.vcs
hl2\shaders\fxc\hsv_ps20b.vcs
hl2\shaders\fxc\introscreenspaceeffect_ps11.vcs
hl2\shaders\fxc\IntroScreenSpaceEffect_ps20.vcs
hl2\shaders\fxc\introscreenspaceeffect_ps20b.vcs
hl2\shaders\fxc\lightmappedgeneric_decal_ps20.vcs
hl2\shaders\fxc\lightmappedgeneric_decal_ps20b.vcs
hl2\shaders\fxc\lightmappedgeneric_decal_vs20.vcs
hl2\shaders\fxc\lightmappedgeneric_flashlight_vs11.vcs
hl2\shaders\fxc\lightmappedgeneric_flashlight_vs20.vcs
hl2\shaders\fxc\lightmappedgeneric_lightingonly_overbright2_ps11.vcs
hl2\shaders\fxc\lightmappedgeneric_lightingonly_vs11.vcs
hl2\shaders\fxc\lightmappedgeneric_ps20.vcs
hl2\shaders\fxc\lightmappedgeneric_ps20b.vcs
hl2\shaders\fxc\lightmappedgeneric_vs20.vcs
hl2\shaders\fxc\lightmappedreflective_ps20.vcs
hl2\shaders\fxc\lightmappedreflective_ps20b.vcs
hl2\shaders\fxc\lightmappedreflective_vs20.vcs
hl2\shaders\fxc\lpreview1_ps20.vcs
hl2\shaders\fxc\lpreview1_ps20b.vcs
hl2\shaders\fxc\lpreview_output_ps20.vcs
hl2\shaders\fxc\lpreview_output_ps20b.vcs
hl2\shaders\fxc\luminance_compare_ps20.vcs
hl2\shaders\fxc\luminance_compare_ps20b.vcs
hl2\shaders\fxc\modulate_ps20.vcs
hl2\shaders\fxc\modulate_ps20b.vcs
hl2\shaders\fxc\monitorscreen_ps20.vcs
hl2\shaders\fxc\monitorscreen_ps20b.vcs
hl2\shaders\fxc\morphaccumulate_ps30.vcs
hl2\shaders\fxc\morphaccumulate_vs30.vcs
hl2\shaders\fxc\morphweight_ps30.vcs
hl2\shaders\fxc\morphweight_vs30.vcs
hl2\shaders\fxc\motion_blur_ps20.vcs
hl2\shaders\fxc\motion_blur_ps20b.vcs
hl2\shaders\fxc\motion_blur_vs20.vcs
hl2\shaders\fxc\ParticleSphere_ps11.vcs
hl2\shaders\fxc\particlesphere_ps20.vcs
hl2\shaders\fxc\particlesphere_ps20b.vcs
hl2\shaders\fxc\ParticleSphere_vs11.vcs
hl2\shaders\fxc\particlesphere_vs20.vcs
hl2\shaders\fxc\portal_ps11.vcs
hl2\shaders\fxc\portal_ps20.vcs
hl2\shaders\fxc\portal_ps20b.vcs
hl2\shaders\fxc\portal_refract_ps11.vcs
hl2\shaders\fxc\portal_refract_ps20.vcs
hl2\shaders\fxc\portal_refract_ps20b.vcs
hl2\shaders\fxc\portal_refract_vs11.vcs
hl2\shaders\fxc\portal_refract_vs20.vcs
hl2\shaders\fxc\portal_vs11.vcs
hl2\shaders\fxc\portal_vs20.vcs
hl2\shaders\fxc\portalstaticoverlay_ps11.vcs
hl2\shaders\fxc\portalstaticoverlay_ps20.vcs
hl2\shaders\fxc\portalstaticoverlay_ps20b.vcs
hl2\shaders\fxc\portalstaticoverlay_vs11.vcs
hl2\shaders\fxc\portalstaticoverlay_vs20.vcs
hl2\shaders\fxc\Refract_ps20.vcs
hl2\shaders\fxc\refract_ps20b.vcs
hl2\shaders\fxc\Refract_vs20.vcs
hl2\shaders\fxc\rendertargetblit_ps20.vcs
hl2\shaders\fxc\rendertargetblit_ps20b.vcs
hl2\shaders\fxc\rendertargetblit_vs20.vcs
hl2\shaders\fxc\sample4x4_blend_ps20.vcs
hl2\shaders\fxc\sample4x4_blend_ps20b.vcs
hl2\shaders\fxc\sample4x4_ps20.vcs
hl2\shaders\fxc\sample4x4_ps20b.vcs
hl2\shaders\fxc\sample4x4delog_ps20.vcs
hl2\shaders\fxc\sample4x4delog_ps20b.vcs
hl2\shaders\fxc\sample4x4log_ps20.vcs
hl2\shaders\fxc\sample4x4log_ps20b.vcs
hl2\shaders\fxc\sample4x4maxmin_ps20.vcs
hl2\shaders\fxc\sample4x4maxmin_ps20b.vcs
hl2\shaders\fxc\screenspaceeffect_vs11.vcs
hl2\shaders\fxc\screenspaceeffect_vs20.vcs
hl2\shaders\fxc\sfm_combine_vs20.vcs
hl2\shaders\fxc\sfm_integercombine_ps20.vcs
hl2\shaders\fxc\sfm_integercombine_ps20b.vcs
hl2\shaders\fxc\shadow_ps20.vcs
hl2\shaders\fxc\shadow_ps20b.vcs
hl2\shaders\fxc\shadow_vs20.vcs
hl2\shaders\fxc\shadowbuildtexture_ps20.vcs
hl2\shaders\fxc\shadowbuildtexture_ps20b.vcs
hl2\shaders\fxc\ShatteredGlass_ps20.vcs
hl2\shaders\fxc\shatteredglass_ps20b.vcs
hl2\shaders\fxc\ShatteredGlass_vs20.vcs
hl2\shaders\fxc\showz_ps20.vcs
hl2\shaders\fxc\showz_ps20b.vcs
hl2\shaders\fxc\showz_vs11.vcs
hl2\shaders\fxc\skin_ps20b.vcs
hl2\shaders\fxc\skin_ps30.vcs
hl2\shaders\fxc\skin_vs20.vcs
hl2\shaders\fxc\skin_vs30.vcs
hl2\shaders\fxc\sky_hdr_compressed_ps20.vcs
hl2\shaders\fxc\sky_hdr_compressed_ps20b.vcs
hl2\shaders\fxc\sky_hdr_compressed_rgbs_ps20.vcs
hl2\shaders\fxc\sky_hdr_compressed_rgbs_ps20b.vcs
hl2\shaders\fxc\sky_ps20.vcs
hl2\shaders\fxc\sky_ps20b.vcs
hl2\shaders\fxc\sky_vs20.vcs
hl2\shaders\fxc\splinecard_vs11.vcs
hl2\shaders\fxc\splinecard_vs20.vcs
hl2\shaders\fxc\sprite_ps20.vcs
hl2\shaders\fxc\sprite_ps20b.vcs
hl2\shaders\fxc\sprite_vs20.vcs
hl2\shaders\fxc\spritecard_ps11.vcs
hl2\shaders\fxc\spritecard_ps20.vcs
hl2\shaders\fxc\spritecard_ps20b.vcs
hl2\shaders\fxc\spritecard_vs11.vcs
hl2\shaders\fxc\spritecard_vs20.vcs
hl2\shaders\fxc\teeth_bump_ps20.vcs
hl2\shaders\fxc\teeth_bump_ps20b.vcs
hl2\shaders\fxc\teeth_bump_ps30.vcs
hl2\shaders\fxc\teeth_bump_vs20.vcs
hl2\shaders\fxc\teeth_bump_vs30.vcs
hl2\shaders\fxc\teeth_flashlight_ps20.vcs
hl2\shaders\fxc\teeth_flashlight_ps20b.vcs
hl2\shaders\fxc\teeth_flashlight_ps30.vcs
hl2\shaders\fxc\teeth_flashlight_vs20.vcs
hl2\shaders\fxc\teeth_flashlight_vs30.vcs
hl2\shaders\fxc\teeth_ps20.vcs
hl2\shaders\fxc\teeth_ps20b.vcs
hl2\shaders\fxc\teeth_ps30.vcs
hl2\shaders\fxc\teeth_vs20.vcs
hl2\shaders\fxc\teeth_vs30.vcs
hl2\shaders\fxc\treeleaf_ps20.vcs
hl2\shaders\fxc\treeleaf_ps20b.vcs
hl2\shaders\fxc\treeleaf_vs20.vcs
hl2\shaders\fxc\unlitgeneric_maskbasebydetailalpha_ps11.vcs
hl2\shaders\fxc\unlitgeneric_notexture_ps11.vcs
hl2\shaders\fxc\unlitgeneric_notexture_ps20.vcs
hl2\shaders\fxc\unlitgeneric_notexture_ps20b.vcs
hl2\shaders\fxc\unlitgeneric_ps11.vcs
hl2\shaders\fxc\unlitgeneric_ps20.vcs
hl2\shaders\fxc\unlitgeneric_ps20b.vcs
hl2\shaders\fxc\unlitgeneric_vs20.vcs
hl2\shaders\fxc\unlittwotexture_ps20.vcs
hl2\shaders\fxc\unlittwotexture_ps20b.vcs
hl2\shaders\fxc\unlittwotexture_vs20.vcs
hl2\shaders\fxc\vertexlit_and_unlit_generic_bump_ps20.vcs
hl2\shaders\fxc\vertexlit_and_unlit_generic_bump_ps20b.vcs
hl2\shaders\fxc\vertexlit_and_unlit_generic_bump_ps30.vcs
hl2\shaders\fxc\vertexlit_and_unlit_generic_bump_vs20.vcs
hl2\shaders\fxc\vertexlit_and_unlit_generic_bump_vs30.vcs
hl2\shaders\fxc\vertexlit_and_unlit_generic_ps20.vcs
hl2\shaders\fxc\vertexlit_and_unlit_generic_ps20b.vcs
hl2\shaders\fxc\vertexlit_and_unlit_generic_ps30.vcs
hl2\shaders\fxc\VertexLit_and_unlit_Generic_vs20.vcs
hl2\shaders\fxc\vertexlit_and_unlit_generic_vs30.vcs
hl2\shaders\fxc\vertexlitgeneric_lightingonly_overbright2_ps11.vcs
hl2\shaders\fxc\volume_clouds_ps20.vcs
hl2\shaders\fxc\volume_clouds_ps20b.vcs
hl2\shaders\fxc\volume_clouds_vs20.vcs
hl2\shaders\fxc\vortwarp_ps20.vcs
hl2\shaders\fxc\vortwarp_ps20b.vcs
hl2\shaders\fxc\vortwarp_ps30.vcs
hl2\shaders\fxc\vortwarp_vs20.vcs
hl2\shaders\fxc\vortwarp_vs30.vcs
hl2\shaders\fxc\Water_ps20.vcs
hl2\shaders\fxc\water_ps20b.vcs
hl2\shaders\fxc\Water_vs20.vcs
hl2\shaders\fxc\WaterCheap_ps20.vcs
hl2\shaders\fxc\watercheap_ps20b.vcs
hl2\shaders\fxc\WaterCheap_vs20.vcs
hl2\shaders\fxc\white_ps20.vcs
hl2\shaders\fxc\white_ps20b.vcs
hl2\shaders\fxc\windowimposter_ps11.vcs
hl2\shaders\fxc\windowimposter_ps20.vcs
hl2\shaders\fxc\windowimposter_ps20b.vcs
hl2\shaders\fxc\windowimposter_vs11.vcs
hl2\shaders\fxc\windowimposter_vs20.vcs
hl2\shaders\fxc\WorldTwoTextureBlend_ps20.vcs
hl2\shaders\fxc\worldtwotextureblend_ps20b.vcs
hl2\shaders\fxc\worldvertexalpha_ps20.vcs
hl2\shaders\fxc\worldvertexalpha_ps20b.vcs
hl2\shaders\fxc\WorldVertexTransition_ps20.vcs
hl2\shaders\fxc\WorldVertexTransition_vs20.vcs
hl2\shaders\fxc\writevertexalphatodestalpha_ps11.vcs
hl2\shaders\fxc\writevertexalphatodestalpha_vs11.vcs
hl2\shaders\fxc\writez_vs20.vcs
hl2\shaders\psh\bik_ps11.vcs
hl2\shaders\psh\bik_ps14.vcs
hl2\shaders\psh\BlurFilter_ps11.vcs
hl2\shaders\psh\BufferClearObeyStencil_ps11.vcs
hl2\shaders\psh\BumpmappedEnvmap.vcs
hl2\shaders\psh\BumpmappedLightmap_OverBright2.vcs
hl2\shaders\psh\Cable.vcs
hl2\shaders\psh\cloak_blended_pass_dx8_ps11.vcs
hl2\shaders\psh\core_ps11.vcs
hl2\shaders\psh\DecalBaseTimesLightmapAlphaBlendSelfIllum1_ps11.vcs
hl2\shaders\psh\DecalBaseTimesLightmapAlphaBlendSelfIllum2_ps11.vcs
hl2\shaders\psh\Downsample_nohdr_ps11.vcs
hl2\shaders\psh\emissive_scroll_blended_pass_dx8_ps11.vcs
hl2\shaders\psh\Eyes.vcs
hl2\shaders\psh\Eyes_Overbright2.vcs
hl2\shaders\psh\fillrate.vcs
hl2\shaders\psh\flesh_interior_blended_pass_dx8_ps11.vcs
hl2\shaders\psh\JellyFish.vcs
hl2\shaders\psh\LightmappedGeneric.vcs
hl2\shaders\psh\LightmappedGeneric_AddBaseAlphaMaskedEnvMap.vcs
hl2\shaders\psh\LightmappedGeneric_AddEnvMapMaskNoTexture.vcs
hl2\shaders\psh\LightmappedGeneric_AddEnvMapNoTexture.vcs
hl2\shaders\psh\LightmappedGeneric_BaseAlphaMaskedEnvMapV2.vcs
hl2\shaders\psh\LightmappedGeneric_BaseTexture.vcs
hl2\shaders\psh\lightmappedgeneric_basetextureblend.vcs
hl2\shaders\psh\LightmappedGeneric_BumpmappedEnvmap.vcs
hl2\shaders\psh\LightmappedGeneric_BumpmappedEnvmap_ps14.vcs
hl2\shaders\psh\LightmappedGeneric_BumpmappedLightmap.vcs
hl2\shaders\psh\LightmappedGeneric_BumpmappedLightmap_Base_ps14.vcs
hl2\shaders\psh\LightmappedGeneric_BumpmappedLightmap_Blend_ps14.vcs
hl2\shaders\psh\LightmappedGeneric_Decal.vcs
hl2\shaders\psh\LightmappedGeneric_Detail.vcs
hl2\shaders\psh\LightmappedGeneric_DetailNoTexture.vcs
hl2\shaders\psh\LightmappedGeneric_DetailSelfIlluminated.vcs
hl2\shaders\psh\LightmappedGeneric_EnvMapNoTexture.vcs
hl2\shaders\psh\LightmappedGeneric_EnvMapV2.vcs
hl2\shaders\psh\LightmappedGeneric_LightingOnly_Overbright2.vcs
hl2\shaders\psh\LightmappedGeneric_MaskedEnvMapNoTexture.vcs
hl2\shaders\psh\LightmappedGeneric_MaskedEnvMapV2.vcs
hl2\shaders\psh\LightmappedGeneric_MultiplyByLighting.vcs
hl2\shaders\psh\LightmappedGeneric_MultiplyByLightingNoTexture.vcs
hl2\shaders\psh\LightmappedGeneric_MultiplyByLightingSelfIllum.vcs
hl2\shaders\psh\LightmappedGeneric_NoTexture.vcs
hl2\shaders\psh\LightmappedGeneric_SelfIlluminated.vcs
hl2\shaders\psh\LightmappedGeneric_SelfIlluminatedEnvMapV2.vcs
hl2\shaders\psh\LightmappedGeneric_SelfIlluminatedMaskedEnvMapV2.vcs
hl2\shaders\psh\lightmappedgeneric_ssbumpmappedlightmap.vcs
hl2\shaders\psh\LightmappedTranslucentTexture.vcs
hl2\shaders\psh\Modulate_ps11.vcs
hl2\shaders\psh\MonitorScreen.vcs
hl2\shaders\psh\overlay_fit_ps11.vcs
hl2\shaders\psh\predator.vcs
hl2\shaders\psh\Refract_ps11.vcs
hl2\shaders\psh\Shadow.vcs
hl2\shaders\psh\shadow_ps14.vcs
hl2\shaders\psh\ShadowBuildTexture.vcs
hl2\shaders\psh\ShadowModel.vcs
hl2\shaders\psh\ShatteredGlass.vcs
hl2\shaders\psh\ShatteredGlass_EnvMap.vcs
hl2\shaders\psh\sprite_ps11.vcs
hl2\shaders\psh\SpriteRenderNormal.vcs
hl2\shaders\psh\SpriteRenderTransAdd.vcs
hl2\shaders\psh\SpriteRenderTransColor.vcs
hl2\shaders\psh\unlitgeneric.vcs
hl2\shaders\psh\UnlitGeneric_BaseAlphaMaskedEnvMap.vcs
hl2\shaders\psh\unlitgeneric_basetimesdetail.vcs
hl2\shaders\psh\UnlitGeneric_Detail.vcs
hl2\shaders\psh\UnlitGeneric_DetailBaseAlphaMaskedEnvMap.vcs
hl2\shaders\psh\UnlitGeneric_DetailEnvMap.vcs
hl2\shaders\psh\UnlitGeneric_DetailEnvMapMask.vcs
hl2\shaders\psh\UnlitGeneric_DetailEnvMapMaskNoTexture.vcs
hl2\shaders\psh\UnlitGeneric_DetailEnvMapNoTexture.vcs
hl2\shaders\psh\UnlitGeneric_DetailNoTexture.vcs
hl2\shaders\psh\UnlitGeneric_EnvMap.vcs
hl2\shaders\psh\UnlitGeneric_EnvMapMask.vcs
hl2\shaders\psh\UnlitGeneric_EnvMapMaskNoTexture.vcs
hl2\shaders\psh\UnlitGeneric_EnvMapNoTexture.vcs
hl2\shaders\psh\UnlitGeneric_NoTexture.vcs
hl2\shaders\psh\UnlitTwoTexture.vcs
hl2\shaders\psh\VertexLitGeneric.vcs
hl2\shaders\psh\VertexLitGeneric_BaseAlphaMaskedEnvMapV2.vcs
hl2\shaders\psh\VertexLitGeneric_Detail.vcs
hl2\shaders\psh\vertexlitgeneric_detail_additive.vcs
hl2\shaders\psh\vertexlitgeneric_detail_additive_selfillum.vcs
hl2\shaders\psh\VertexLitGeneric_Detail_LerpBase.vcs
hl2\shaders\psh\VertexLitGeneric_DetailBaseAlphaMaskedEnvMapV2.vcs
hl2\shaders\psh\VertexLitGeneric_DetailEnvMapV2.vcs
hl2\shaders\psh\VertexLitGeneric_DetailMaskedEnvMapV2.vcs
hl2\shaders\psh\VertexLitGeneric_DetailNoTexture.vcs
hl2\shaders\psh\VertexLitGeneric_DetailSelfIlluminated.vcs
hl2\shaders\psh\VertexLitGeneric_DetailSelfIlluminatedEnvMapV2.vcs
hl2\shaders\psh\VertexLitGeneric_DetailSelfIlluminatedMaskedEnvMapV2.vcs
hl2\shaders\psh\VertexLitGeneric_EnvMapNoTexture.vcs
hl2\shaders\psh\VertexLitGeneric_EnvmappedBumpmapV2.vcs
hl2\shaders\psh\VertexLitGeneric_EnvmappedBumpmapV2_MultByAlpha.vcs
hl2\shaders\psh\VertexLitGeneric_EnvmappedBumpmapV2_MultByAlpha_ps14.vcs
hl2\shaders\psh\VertexLitGeneric_EnvmappedBumpmapV2_ps14.vcs
hl2\shaders\psh\VertexLitGeneric_EnvMapV2.vcs
hl2\shaders\psh\vertexlitgeneric_lightingonly_overbright2.vcs
hl2\shaders\psh\VertexLitGeneric_MaskedEnvMapNoTexture.vcs
hl2\shaders\psh\VertexLitGeneric_MaskedEnvMapV2.vcs
hl2\shaders\psh\VertexLitGeneric_NoTexture.vcs
hl2\shaders\psh\VertexLitGeneric_SelfIlluminated.vcs
hl2\shaders\psh\VertexLitGeneric_SelfIlluminatedEnvMapV2.vcs
hl2\shaders\psh\VertexLitGeneric_SelfIlluminatedMaskedEnvMapV2.vcs
hl2\shaders\psh\VertexLitTexture.vcs
hl2\shaders\psh\VertexLitTexture_Overbright2.vcs
hl2\shaders\psh\vortwarp_ps11.vcs
hl2\shaders\psh\Water_ps14.vcs
hl2\shaders\psh\WaterCheap_ps11.vcs
hl2\shaders\psh\WaterCheap_ps14.vcs
hl2\shaders\psh\WaterCheapFresnel_ps14.vcs
hl2\shaders\psh\WaterCheapFresnelOpaque_ps14.vcs
hl2\shaders\psh\WaterCheapNoFresnel_ps11.vcs
hl2\shaders\psh\WaterCheapNoFresnelOpaque_ps11.vcs
hl2\shaders\psh\WaterCheapOpaque_ps11.vcs
hl2\shaders\psh\WaterCheapOpaque_ps14.vcs
hl2\shaders\psh\WaterReflect_ps11.vcs
hl2\shaders\psh\WaterRefract_ps11.vcs
hl2\shaders\psh\WaterRefractFresnel_ps11.vcs
hl2\shaders\psh\white.vcs
hl2\shaders\psh\WorldTexture.vcs
hl2\shaders\psh\WorldTwoTextureBlend.vcs
hl2\shaders\psh\WorldTwoTextureBlend_DetailAlpha.vcs
hl2\shaders\psh\WorldTwoTextureBlend_SelfIlluminated.vcs
hl2\shaders\psh\WorldVertexAlpha.vcs
hl2\shaders\psh\WorldVertexTransition.vcs
hl2\shaders\psh\WorldVertexTransition_BlendBase2.vcs
hl2\shaders\psh\WorldVertexTransition_Editor.vcs
hl2\shaders\psh\worldvertextransition_seamless.vcs
hl2\shaders\psh\yuv.vcs
hl2\shaders\vsh\bik_vs11.vcs
hl2\shaders\vsh\BufferClearObeyStencil_vs11.vcs
hl2\shaders\vsh\BumpmappedEnvmap.vcs
hl2\shaders\vsh\BumpmappedLightmap.vcs
hl2\shaders\vsh\Cable.vcs
hl2\shaders\vsh\cloak_blended_pass_dx8_vs11.vcs
hl2\shaders\vsh\DebugTangentSpace.vcs
hl2\shaders\vsh\emissive_scroll_blended_pass_dx8_vs11.vcs
hl2\shaders\vsh\Eyes.vcs
hl2\shaders\vsh\eyes_flashlight_vs11.vcs
hl2\shaders\vsh\fillrate.vcs
hl2\shaders\vsh\flesh_interior_blended_pass_dx8_vs11.vcs
hl2\shaders\vsh\JellyFish.vcs
hl2\shaders\vsh\Jojirium.vcs
hl2\shaders\vsh\LightingOnly.vcs
hl2\shaders\vsh\LightmappedGeneric_BaseTexture.vcs
hl2\shaders\vsh\lightmappedgeneric_basetextureblend.vcs
hl2\shaders\vsh\LightmappedGeneric_BumpmappedEnvmap.vcs
hl2\shaders\vsh\LightmappedGeneric_BumpmappedEnvmap_ps14.vcs
hl2\shaders\vsh\lightmappedgeneric_bumpmappedlightmap.vcs
hl2\shaders\vsh\LightmappedGeneric_BumpmappedLightmap_Base_ps14.vcs
hl2\shaders\vsh\LightmappedGeneric_BumpmappedLightmap_Blend_ps14.vcs
hl2\shaders\vsh\LightmappedGeneric_Decal.vcs
hl2\shaders\vsh\LightmappedGeneric_LightingOnly.vcs
hl2\shaders\vsh\lightmappedgeneric_vs11.vcs
hl2\shaders\vsh\overlay_fit_vs11.vcs
hl2\shaders\vsh\predator.vcs
hl2\shaders\vsh\Refract_model_vs11.vcs
hl2\shaders\vsh\Refract_world_vs11.vcs
hl2\shaders\vsh\ScreenSpaceEffect.vcs
hl2\shaders\vsh\shadow_vs14.vcs
hl2\shaders\vsh\ShadowModel.vcs
hl2\shaders\vsh\ShatteredGlass.vcs
hl2\shaders\vsh\ShatteredGlass_EnvMap.vcs
hl2\shaders\vsh\ShatteredGlass_EnvMapSphere.vcs
hl2\shaders\vsh\sprite_vs11.vcs
hl2\shaders\vsh\Teeth.vcs
hl2\shaders\vsh\UnlitGeneric_LightingOnly.vcs
hl2\shaders\vsh\UnlitGeneric_vs11.vcs
hl2\shaders\vsh\UnlitTwoTexture.vcs
hl2\shaders\vsh\VertexLitGeneric_EnvmappedBumpmap_NoLighting.vcs
hl2\shaders\vsh\VertexLitGeneric_EnvmappedBumpmap_NoLighting_ps14.vcs
hl2\shaders\vsh\vertexlitgeneric_flashlight_vs11.vcs
hl2\shaders\vsh\VertexLitGeneric_SelfIllumOnly.vcs
hl2\shaders\vsh\VertexLitGeneric_vs11.vcs
hl2\shaders\vsh\vortwarp_vs11.vcs
hl2\shaders\vsh\Water_ps14.vcs
hl2\shaders\vsh\Water_vs11.vcs
hl2\shaders\vsh\WaterCheap_vs11.vcs
hl2\shaders\vsh\WaterCheap_vs14.vcs
hl2\shaders\vsh\WaterCheapPerVertexFresnel_vs11.vcs
hl2\shaders\vsh\WorldVertexAlpha.vcs
hl2\shaders\vsh\WorldVertexTransition.vcs
hl2\shaders\vsh\worldvertextransition_seamless.vcs
hl2\shaders\vsh\writez.vcs
platform\AddOns\checkers\Checkers.dll
platform\AddOns\checkers\checkers.vdf
platform\AddOns\checkers\checkers_english.txt
platform\AddOns\checkers\checkers_french.txt
platform\AddOns\checkers\checkers_german.txt
platform\AddOns\checkers\checkers_italian.txt
platform\AddOns\checkers\checkers_japanese.txt
platform\AddOns\checkers\checkers_korean.txt
platform\AddOns\checkers\checkers_koreana.txt
platform\AddOns\checkers\checkers_portuguese.txt
platform\AddOns\checkers\checkers_russian.txt
platform\AddOns\checkers\checkers_schinese.txt
platform\AddOns\checkers\checkers_spanish.txt
platform\AddOns\checkers\checkers_tchinese.txt
platform\AddOns\checkers\checkers_thai.txt
platform\AddOns\checkers\DialogCheckersHistory.res
platform\AddOns\checkers\DialogGameCheckers.res
platform\AddOns\checkers\piece_red.tga
platform\AddOns\checkers\piece_red_king.tga
platform\AddOns\checkers\piece_white.tga
platform\AddOns\checkers\piece_white_king.tga
platform\AddOns\checkers\reslist.lst
platform\AddOns\chess\Chess.dll
platform\AddOns\chess\chess.vdf
platform\AddOns\chess\chess_english.txt
platform\AddOns\chess\chess_french.txt
platform\AddOns\chess\chess_german.txt
platform\AddOns\chess\chess_italian.txt
platform\AddOns\chess\chess_japanese.txt
platform\AddOns\chess\chess_korean.txt
platform\AddOns\chess\chess_koreana.txt
platform\AddOns\chess\chess_portuguese.txt
platform\AddOns\chess\chess_russian.txt
platform\AddOns\chess\chess_schinese.txt
platform\AddOns\chess\chess_spanish.txt
platform\AddOns\chess\chess_tchinese.txt
platform\AddOns\chess\chess_thai.txt
platform\AddOns\chess\DialogChessHistory.res
platform\AddOns\chess\DialogChessPawnPromote.res
platform\AddOns\chess\DialogGameChess.res
platform\AddOns\chess\piece_black_bishop.tga
platform\AddOns\chess\piece_black_king.tga
platform\AddOns\chess\piece_black_knight.tga
platform\AddOns\chess\piece_black_pawn.tga
platform\AddOns\chess\piece_black_queen.tga
platform\AddOns\chess\piece_black_rook.tga
platform\AddOns\chess\piece_white_bishop.tga
platform\AddOns\chess\piece_white_king.tga
platform\AddOns\chess\piece_white_knight.tga
platform\AddOns\chess\piece_white_pawn.tga
platform\AddOns\chess\piece_white_queen.tga
platform\AddOns\chess\piece_white_rook.tga
platform\AddOns\chess\reslist.lst
platform\AddOns\common\cards\C_2.tga
platform\AddOns\common\cards\C_3.tga
platform\AddOns\common\cards\C_4.tga
platform\AddOns\common\cards\C_5.tga
platform\AddOns\common\cards\C_6.tga
platform\AddOns\common\cards\C_7.tga
platform\AddOns\common\cards\C_8.tga
platform\AddOns\common\cards\C_9.tga
platform\AddOns\common\cards\C_A.tga
platform\AddOns\common\cards\C_J.tga
platform\AddOns\common\cards\C_K.tga
platform\AddOns\common\cards\C_Q.tga
platform\AddOns\common\cards\C_T.tga
platform\AddOns\common\cards\D_2.tga
platform\AddOns\common\cards\D_3.tga
platform\AddOns\common\cards\D_4.tga
platform\AddOns\common\cards\D_5.tga
platform\AddOns\common\cards\D_6.tga
platform\AddOns\common\cards\D_7.tga
platform\AddOns\common\cards\D_8.tga
platform\AddOns\common\cards\D_9.tga
platform\AddOns\common\cards\D_A.tga
platform\AddOns\common\cards\D_J.tga
platform\AddOns\common\cards\D_K.tga
platform\AddOns\common\cards\D_Q.tga
platform\AddOns\common\cards\D_T.tga
platform\AddOns\common\cards\H_2.tga
platform\AddOns\common\cards\H_3.tga
platform\AddOns\common\cards\H_4.tga
platform\AddOns\common\cards\H_5.tga
platform\AddOns\common\cards\H_6.tga
platform\AddOns\common\cards\H_7.tga
platform\AddOns\common\cards\H_8.tga
platform\AddOns\common\cards\H_9.tga
platform\AddOns\common\cards\H_A.tga
platform\AddOns\common\cards\H_J.tga
platform\AddOns\common\cards\H_K.tga
platform\AddOns\common\cards\H_Q.tga
platform\AddOns\common\cards\H_T.tga
platform\AddOns\common\cards\hlcardback.tga
platform\AddOns\common\cards\S_2.tga
platform\AddOns\common\cards\S_3.tga
platform\AddOns\common\cards\S_4.tga
platform\AddOns\common\cards\S_5.tga
platform\AddOns\common\cards\S_6.tga
platform\AddOns\common\cards\S_7.tga
platform\AddOns\common\cards\S_8.tga
platform\AddOns\common\cards\S_9.tga
platform\AddOns\common\cards\S_A.tga
platform\AddOns\common\cards\S_J.tga
platform\AddOns\common\cards\S_K.tga
platform\AddOns\common\cards\S_Q.tga
platform\AddOns\common\cards\S_T.tga
platform\AddOns\common\AddOnDialogWaiting.res
platform\AddOns\common\board_checkered_LL.tga
platform\AddOns\common\board_checkered_LR.tga
platform\AddOns\common\board_checkered_UL.tga
platform\AddOns\common\board_checkered_UR.tga
platform\AddOns\common\board_label_1.tga
platform\AddOns\common\board_label_2.tga
platform\AddOns\common\board_label_3.tga
platform\AddOns\common\board_label_4.tga
platform\AddOns\common\board_label_5.tga
platform\AddOns\common\board_label_6.tga
platform\AddOns\common\board_label_7.tga
platform\AddOns\common\board_label_8.tga
platform\AddOns\common\board_label_A.tga
platform\AddOns\common\board_label_B.tga
platform\AddOns\common\board_label_C.tga
platform\AddOns\common\board_label_D.tga
platform\AddOns\common\board_label_E.tga
platform\AddOns\common\board_label_F.tga
platform\AddOns\common\board_label_G.tga
platform\AddOns\common\board_label_H.tga
platform\AddOns\common\DialogColorChoice.res
platform\AddOns\common\DialogWaiting.res
platform\AddOns\common\piece_black_move.tga
platform\AddOns\common\piece_blank_selected.tga
platform\AddOns\common\piece_red_lastmove.tga
platform\AddOns\common\piece_red_move.tga
platform\AddOns\common\piece_red_selected.tga
platform\AddOns\common\piece_white_move.tga
platform\AddOns\common\player_black_marker.tga
platform\AddOns\common\player_red_marker.tga
platform\AddOns\common\player_white_marker.tga
platform\AddOns\common\SteamAddOns_english.txt
platform\AddOns\common\SteamAddOns_french.txt
platform\AddOns\common\SteamAddOns_german.txt
platform\AddOns\common\SteamAddOns_italian.txt
platform\AddOns\common\SteamAddOns_japanese.txt
platform\AddOns\common\SteamAddOns_korean.txt
platform\AddOns\common\SteamAddOns_koreana.txt
platform\AddOns\common\SteamAddOns_portuguese.txt
platform\AddOns\common\SteamAddOns_russian.txt
platform\AddOns\common\SteamAddOns_schinese.txt
platform\AddOns\common\SteamAddOns_spanish.txt
platform\AddOns\common\SteamAddOns_tchinese.txt
platform\AddOns\common\SteamAddOns_thai.txt
platform\AddOns\common\turn_arrow_down.tga
platform\AddOns\common\turn_arrow_left.tga
platform\AddOns\common\turn_arrow_right.tga
platform\AddOns\common\turn_arrow_up.tga
platform\AddOns\common\turn_marker.tga
platform\AddOns\common\TwoPlayerColorChoiceDialog.res
platform\AddOns\go\board_go_bw.tga
platform\AddOns\go\board_go_LL.tga
platform\AddOns\go\board_go_LR.tga
platform\AddOns\go\board_go_UL.tga
platform\AddOns\go\board_go_UR.tga
platform\AddOns\go\DialogGameGo.res
platform\AddOns\go\DialogGoHistory.res
platform\AddOns\go\DialogGoScore.res
platform\AddOns\go\Go.dll
platform\AddOns\go\go.vdf
platform\AddOns\go\go_english.txt
platform\AddOns\go\go_french.txt
platform\AddOns\go\go_german.txt
platform\AddOns\go\go_italian.txt
platform\AddOns\go\go_japanese.txt
platform\AddOns\go\go_korean.txt
platform\AddOns\go\go_koreana.txt
platform\AddOns\go\go_portuguese.txt
platform\AddOns\go\go_russian.txt
platform\AddOns\go\go_schinese.txt
platform\AddOns\go\go_spanish.txt
platform\AddOns\go\go_tchinese.txt
platform\AddOns\go\go_thai.txt
platform\AddOns\go\piece_go_black.tga
platform\AddOns\go\piece_go_black2.tga
platform\AddOns\go\piece_go_black_dead.tga
platform\AddOns\go\piece_go_black_lastmove.tga
platform\AddOns\go\piece_go_black_mydead.tga
platform\AddOns\go\piece_go_black_oppdead.tga
platform\AddOns\go\piece_go_black_over.tga
platform\AddOns\go\piece_go_gray2.tga
platform\AddOns\go\piece_go_white.tga
platform\AddOns\go\piece_go_white2.tga
platform\AddOns\go\piece_go_white_dead.tga
platform\AddOns\go\piece_go_white_lastmove.tga
platform\AddOns\go\piece_go_white_mydead.tga
platform\AddOns\go\piece_go_white_oppdead.tga
platform\AddOns\go\piece_go_white_over.tga
platform\AddOns\go\reslist.lst
platform\AddOns\hearts\Hearts.dll
platform\AddOns\hearts\Hearts.vdf
platform\AddOns\hearts\hearts_english.txt
platform\AddOns\hearts\hearts_french.txt
platform\AddOns\hearts\hearts_german.txt
platform\AddOns\hearts\hearts_italian.txt
platform\AddOns\hearts\hearts_japanese.txt
platform\AddOns\hearts\hearts_korean.txt
platform\AddOns\hearts\hearts_koreana.txt
platform\AddOns\hearts\hearts_portuguese.txt
platform\AddOns\hearts\hearts_russian.txt
platform\AddOns\hearts\hearts_schinese.txt
platform\AddOns\hearts\hearts_spanish.txt
platform\AddOns\hearts\hearts_tchinese.txt
platform\AddOns\hearts\hearts_thai.txt
platform\AddOns\hearts\HeartsGameDialog.res
platform\AddOns\hearts\HeartsSetupDialog.res
platform\AddOns\hearts\reslist.lst
platform\AddOns\spades\reslist.lst
platform\AddOns\spades\Spades.dll
platform\AddOns\spades\spades.vdf
platform\AddOns\spades\spades_english.txt
platform\AddOns\spades\spades_french.txt
platform\AddOns\spades\spades_german.txt
platform\AddOns\spades\spades_italian.txt
platform\AddOns\spades\spades_japanese.txt
platform\AddOns\spades\spades_korean.txt
platform\AddOns\spades\spades_koreana.txt
platform\AddOns\spades\spades_portuguese.txt
platform\AddOns\spades\spades_russian.txt
platform\AddOns\spades\spades_schinese.txt
platform\AddOns\spades\spades_spanish.txt
platform\AddOns\spades\spades_tchinese.txt
platform\AddOns\spades\spades_thai.txt
platform\AddOns\spades\SpadesGameDialog.res
platform\AddOns\spades\SpadesSetupDialog.res
platform\admin\admin_english.txt
platform\admin\admin_french.txt
platform\admin\admin_german.txt
platform\admin\admin_italian.txt
platform\admin\admin_japanese.txt
platform\admin\admin_korean.txt
platform\admin\admin_koreana.txt
platform\admin\admin_portuguese.txt
platform\admin\admin_russian.txt
platform\admin\admin_schinese.txt
platform\admin\admin_spanish.txt
platform\admin\admin_tchinese.txt
platform\admin\admin_thai.txt
platform\admin\BanPanel.res
platform\admin\BudgetPanel.res
platform\admin\ChatPanel.res
platform\admin\ConfigPanel.res
platform\admin\CreateMultiplayerGameServerPage.res
platform\admin\DialogAddBan.res
platform\admin\DialogAddServer.res
platform\admin\DialogAdminServer.res
platform\admin\DialogCvarChange.res
platform\admin\DialogGamePanelInfo.res
platform\admin\DialogKickPlayer.res
platform\admin\DialogServerPassword.res
platform\admin\game_ready.wav
platform\admin\GamePanelInfo.res
platform\admin\GraphPanel.res
platform\admin\HelpFile.vdf
platform\admin\HelpFile_adminmod.vdf
platform\admin\HelpFile_cstrike.vdf
platform\admin\hlds_logo.tga
platform\admin\MainServerConfig.vdf
platform\admin\MapCycleEditDialog.res
platform\admin\MOTDPanel.res
platform\admin\PasswordPanel.res
platform\admin\PlayerPanel.res
platform\admin\RawLogPanel.res
platform\admin\RulesPanel.res
platform\admin\server_english.txt
platform\admin\server_french.txt
platform\admin\server_german.txt
platform\admin\server_italian.txt
platform\admin\server_japanese.txt
platform\admin\server_korean.txt
platform\admin\server_koreana.txt
platform\admin\server_portuguese.txt
platform\admin\server_russian.txt
platform\admin\server_schinese.txt
platform\admin\server_spanish.txt
platform\admin\server_tchinese.txt
platform\admin\server_thai.txt
platform\admin\ServerConfigPanel.res
platform\admin\ServerConfigPanel_cstrike.res
platform\admin\ServerConfigPanel_dod.res
platform\admin\ServerConfigPanel_valve.res
platform\admin\VarEditDialog_ComboBox.res
platform\admin\VarEditDialog_String.res
platform\Demo\AnimationDemo.vas
platform\Demo\DefaultColors.res
platform\Demo\EditablePanelDemo.res
platform\Demo\SampleCheckButtons.res
platform\Demo\SampleEditFields.res
platform\Demo\SampleRadioButtons.res
platform\Demo\SampleToolTips.res
platform\Demo\WizardPanelDemo.res
platform\Friends\addfriendenterdetailssubpanel.res
platform\Friends\addfriendresultsubpanel.res
platform\Friends\addfriendresultsubpanel_failure.res
platform\Friends\addfriendresultsubpanel_success.res
platform\Friends\DialogAbout.res
platform\Friends\DialogAddFriendsFromGame.res
platform\Friends\DialogAuthRequest.res
platform\Friends\DialogChat.res
platform\Friends\DialogChat_new.res
platform\Friends\DialogFindBuddy.res
platform\Friends\DialogHelpIngame.res
platform\Friends\DialogRemoveUser.res
platform\Friends\DialogSendMessage.res
platform\Friends\DialogSystemMessage.res
platform\Friends\friend_join.wav
platform\Friends\friend_online.wav
platform\Friends\FriendsDialog.res
platform\Friends\friendsrefreshlogindialog.res
platform\Friends\icon_away.tga
platform\Friends\icon_blocked.tga
platform\Friends\icon_busy.tga
platform\Friends\icon_connecting.tga
platform\Friends\icon_in-game.tga
platform\Friends\icon_message.tga
platform\Friends\icon_offline.tga
platform\Friends\icon_online.tga
platform\Friends\icon_snooze.tga
platform\Friends\message.wav
platform\Friends\requestingfriendshipdialog.res
platform\Friends\servers.vdf
platform\Friends\SettingsSubProfile.res
platform\Friends\SettingsSubSounds.res
platform\Friends\SubPanelFindBuddy.res
platform\Friends\SubPanelFindBuddyComplete.res
platform\Friends\SubPanelFindBuddyRequestAuth.res
platform\Friends\SubPanelFindBuddyResults.res
platform\Friends\SubPanelUserInfoDetails.res
platform\Friends\TrackerDialog.res
platform\Friends\TrackerNET.dll
platform\Friends\TrackerUI.dll
platform\Friends\trackerui_english.txt
platform\Friends\trackerui_french.txt
platform\Friends\trackerui_german.txt
platform\Friends\trackerui_italian.txt
platform\Friends\trackerui_japanese.txt
platform\Friends\trackerui_korean.txt
platform\Friends\trackerui_koreana.txt
platform\Friends\trackerui_portuguese.txt
platform\Friends\trackerui_russian.txt
platform\Friends\trackerui_schinese.txt
platform\Friends\trackerui_spanish.txt
platform\Friends\trackerui_tchinese.txt
platform\Friends\trackerui_thai.txt
platform\materials\debug\additivevertexcolorvertexalpha.vmt
platform\materials\debug\debugmodelbones.vmt
platform\materials\debug\debugmrmnormals.vmt
platform\materials\debug\debugmrmwireframe.vmt
platform\materials\debug\debugmrmwireframezbuffer.vmt
platform\materials\debug\debugsolidmodelhulls.vmt
platform\materials\debug\debugtranslucentmodelhulls.vmt
platform\materials\debug\debugvertexcolor.vmt
platform\materials\debug\debugworldwireframe.vmt
platform\materials\debug\defaultlightmap.vtf
platform\materials\debug\env_cubemap_model.vmt
platform\materials\engine\box.vtf
platform\materials\engine\WriteZ.vmt
platform\materials\vgui\vtfnotloaded.vtf
platform\materials\vgui\white.vmt
platform\materials\vgui\white.vtf
platform\Resource\addpresetdialog.res
platform\Resource\assetbuilder.res
platform\Resource\assetbuildercompilepage.res
platform\Resource\assetbuilderframe.res
platform\Resource\assetbuilderinputpage.res
platform\Resource\assetbuilderoutputpage.res
platform\Resource\assetbuilderoutputpreviewpage.res
platform\Resource\assetpicker.res
platform\Resource\assetpickerframe.res
platform\Resource\colorpicker.res
platform\Resource\colorpickerframe.res
platform\Resource\CreateTokenDialog.res
platform\Resource\dmeanimationlistpanel.res
platform\Resource\dmecombinationsystemeditor_rawcontrolpickerframe.res
platform\Resource\dmecombinationsystemeditorframe.res
platform\Resource\dmecombinationsystemeditorpanel.res
platform\Resource\dmecombinationsystemeditorpanel_controlspage.res
platform\Resource\dmecombinationsystemeditorpanel_dominationpage.res
platform\Resource\dmedageditpanel.res
platform\Resource\dmedageditpanel_animationpage.res
platform\Resource\dmedageditpanel_animationseteditorpage.res
platform\Resource\dmedageditpanel_combinationpage.res
platform\Resource\dmedageditpanel_vertexanimationpage.res
platform\Resource\dmelogeditframe.res
platform\Resource\dmepicker.res
platform\Resource\dmepickerframe.res
platform\Resource\dmepresetgroupeditorframe.res
platform\Resource\dmepresetgroupeditorpanel.res
platform\Resource\dmesourcedccfilepanel.res
platform\Resource\dmesourceskinpanel.res
platform\Resource\EditTokenDialog.res
platform\Resource\icon_blank.tga
platform\Resource\icon_file.tga
platform\Resource\icon_folder.tga
platform\Resource\icon_folder_selected.tga
platform\Resource\icon_folderup.tga
platform\Resource\icon_hlicon1.tga
platform\Resource\icon_hlicon2.tga
platform\Resource\icon_password.tga
platform\Resource\icon_steam.tga
platform\Resource\icon_steam_disabled.tga
platform\Resource\LocalizationDialog.res
platform\Resource\mdlpicker.res
platform\Resource\mdlpickerfilter.res
platform\Resource\mdlpickerframe.res
platform\Resource\mdlpickerinfo.res
platform\Resource\mdlpickerrender.res
platform\Resource\mdlsequencepicker.res
platform\Resource\openedfilelist.res
platform\Resource\particlesystempreviewpanel.res
platform\Resource\particlesystempreviewpanel_renderpage.res
platform\Resource\perforcefilelist.res
platform\Resource\perforcefilelistdescription.res
platform\Resource\picker.res
platform\Resource\pickerframe.res
platform\Resource\platform_english.txt
platform\Resource\platform_french.txt
platform\Resource\platform_german.txt
platform\Resource\platform_italian.txt
platform\Resource\platform_japanese.txt
platform\Resource\platform_korean.txt
platform\Resource\platform_koreana.txt
platform\Resource\platform_portuguese.txt
platform\Resource\platform_russian.txt
platform\Resource\platform_schinese.txt
platform\Resource\platform_spanish.txt
platform\Resource\platform_tchinese.txt
platform\Resource\platform_thai.txt
platform\Resource\sequencepicker.res
platform\Resource\sequencepickerframe.res
platform\Resource\soundpicker.res
platform\Resource\soundpickerframe.res
platform\Resource\soundpickergamesoundpage.res
platform\Resource\soundpickerwavpage.res
platform\Resource\soundrecordpanel.res
platform\Resource\SourceScheme.res
platform\Resource\TrackerScheme.res
platform\Resource\trackgroupvisibilitypanel.res
platform\Resource\valve_logo.tga
platform\Resource\vgui_english.txt
platform\Resource\vgui_french.txt
platform\Resource\vgui_german.txt
platform\Resource\vgui_italian.txt
platform\Resource\vgui_japanese.txt
platform\Resource\vgui_korean.txt
platform\Resource\vgui_koreana.txt
platform\Resource\vgui_portuguese.txt
platform\Resource\vgui_russian.txt
platform\Resource\vgui_schinese.txt
platform\Resource\vgui_spanish.txt
platform\Resource\vgui_tchinese.txt
platform\Resource\vgui_thai.txt
platform\Resource\vmtpicker.res
platform\Resource\vmtpickerframe.res
platform\Resource\vp4dialog.res
platform\Resource\vtfpicker.res
platform\Resource\vtfpickerframe.res
platform\Resource\warning.wav
platform\scripts\preload_xbox.xsc
platform\Servers\AddServerGamesPage.res
platform\Servers\DialogAddServer.res
platform\Servers\DialogGameInfo.res
platform\Servers\DialogGameInfo_AutoRetry.res
platform\Servers\DialogGameInfo_SinglePlayer.res
platform\Servers\DialogServerBrowser.res
platform\Servers\DialogServerPassword.res
platform\Servers\game_ready.wav
platform\Servers\icon_bots.tga
platform\Servers\icon_bots_column.tga
platform\Servers\icon_password.tga
platform\Servers\icon_password_column.tga
platform\Servers\icon_robotron.tga
platform\Servers\icon_robotron_column.tga
platform\Servers\icon_secure_deny.tga
platform\Servers\InternetGamesPage.res
platform\Servers\InternetGamesPage_Filters.res
platform\Servers\Regions.vdf
platform\Servers\ServerBrowser.dll
platform\Servers\serverbrowser_danish.txt
platform\Servers\serverbrowser_dutch.txt
platform\Servers\serverbrowser_english.txt
platform\Servers\serverbrowser_finnish.txt
platform\Servers\serverbrowser_french.txt
platform\Servers\serverbrowser_german.txt
platform\Servers\serverbrowser_italian.txt
platform\Servers\serverbrowser_japanese.txt
platform\Servers\serverbrowser_korean.txt
platform\Servers\serverbrowser_koreana.txt
platform\Servers\serverbrowser_norwegian.txt
platform\Servers\serverbrowser_polish.txt
platform\Servers\serverbrowser_portuguese.txt
platform\Servers\serverbrowser_russian.txt
platform\Servers\serverbrowser_schinese.txt
platform\Servers\serverbrowser_spanish.txt
platform\Servers\serverbrowser_swedish.txt
platform\Servers\serverbrowser_tchinese.txt
platform\Servers\serverbrowser_thai.txt
platform\Servers\VACBannedConnRefusedDialog.res
platform\steam\games\ClientGameInfo.vdf
platform\steam\games\PlatformMenu.vdf
platform\vgui\fonts\cour.ttf
platform\vgui\fonts\tahoma.ttf
platform\vgui\fonts\times.ttf
platform\vgui\fonts\trebuc.ttf
platform\vgui\fonts\verdana.ttf
platform\vgui\hud\800corner.tga
platform\vgui\hud\800corner1.tga
platform\vgui\hud\800corner2.tga
platform\vgui\hud\800corner3.tga
platform\vgui\hud\800corner4.tga
platform\vgui\resource\icon_newfolder.tga
platform\vgui\resource\icon_steam.tga
platform\vgui\resource\icon_steam_disabled.tga
reslists\Source 2007 Binaries\Precache_216.lst
hl2.exe
