hl2\models\Combine_Camera\Combine_camera.dx80.vtx
hl2\models\Combine_Camera\Combine_camera.dx90.vtx
hl2\models\Combine_Camera\Combine_camera.mdl
hl2\models\Combine_Camera\Combine_camera.sw.vtx
hl2\models\Combine_Camera\Combine_camera.vvd
hl2\models\Combine_Helicopter\helicopter_bomb01.dx80.vtx
hl2\models\Combine_Helicopter\helicopter_bomb01.dx90.vtx
hl2\models\Combine_Helicopter\helicopter_bomb01.mdl
hl2\models\Combine_Helicopter\helicopter_bomb01.phy
hl2\models\Combine_Helicopter\helicopter_bomb01.sw.vtx
hl2\models\Combine_Helicopter\helicopter_bomb01.vvd
hl2\models\Combine_Room\combine_monitor001temp.dx80.vtx
hl2\models\Combine_Room\combine_monitor001temp.dx90.vtx
hl2\models\Combine_Room\combine_monitor001temp.mdl
hl2\models\Combine_Room\combine_monitor001temp.phy
hl2\models\Combine_Room\combine_monitor001temp.sw.vtx
hl2\models\Combine_Room\combine_monitor001temp.vvd
hl2\models\Combine_Room\combine_monitor002.dx80.vtx
hl2\models\Combine_Room\combine_monitor002.dx90.vtx
hl2\models\Combine_Room\combine_monitor002.mdl
hl2\models\Combine_Room\combine_monitor002.phy
hl2\models\Combine_Room\combine_monitor002.sw.vtx
hl2\models\Combine_Room\combine_monitor002.vvd
hl2\models\Combine_Room\combine_monitor003a.dx80.vtx
hl2\models\Combine_Room\combine_monitor003a.dx90.vtx
hl2\models\Combine_Room\combine_monitor003a.mdl
hl2\models\Combine_Room\combine_monitor003a.phy
hl2\models\Combine_Room\combine_monitor003a.sw.vtx
hl2\models\Combine_Room\combine_monitor003a.vvd
hl2\models\Combine_Room\combine_wire001.dx80.vtx
hl2\models\Combine_Room\combine_wire001.dx90.vtx
hl2\models\Combine_Room\combine_wire001.mdl
hl2\models\Combine_Room\combine_wire001.phy
hl2\models\Combine_Room\combine_wire001.sw.vtx
hl2\models\Combine_Room\combine_wire001.vvd
hl2\models\Combine_Room\combine_wire002.dx80.vtx
hl2\models\Combine_Room\combine_wire002.dx90.vtx
hl2\models\Combine_Room\combine_wire002.mdl
hl2\models\Combine_Room\combine_wire002.phy
hl2\models\Combine_Room\combine_wire002.sw.vtx
hl2\models\Combine_Room\combine_wire002.vvd
hl2\models\Combine_turrets\Ceiling_turret.dx80.vtx
hl2\models\Combine_turrets\Ceiling_turret.dx90.vtx
hl2\models\Combine_turrets\Ceiling_turret.mdl
hl2\models\Combine_turrets\Ceiling_turret.sw.vtx
hl2\models\Combine_turrets\Ceiling_turret.vvd
hl2\models\Combine_turrets\Floor_turret.dx80.vtx
hl2\models\Combine_turrets\Floor_turret.dx90.vtx
hl2\models\Combine_turrets\Floor_turret.mdl
hl2\models\Combine_turrets\Floor_turret.phy
hl2\models\Combine_turrets\Floor_turret.sw.vtx
hl2\models\Combine_turrets\Floor_turret.vvd
hl2\models\Combine_turrets\ground_turret.dx80.vtx
hl2\models\Combine_turrets\ground_turret.dx90.vtx
hl2\models\Combine_turrets\ground_turret.mdl
hl2\models\Combine_turrets\ground_turret.phy
hl2\models\Combine_turrets\ground_turret.sw.vtx
hl2\models\Combine_turrets\ground_turret.vvd
hl2\models\Cranes\crane_body_LOD.dx80.vtx
hl2\models\Cranes\crane_body_LOD.dx90.vtx
hl2\models\Cranes\crane_body_LOD.mdl
hl2\models\Cranes\crane_body_LOD.phy
hl2\models\Cranes\crane_body_LOD.sw.vtx
hl2\models\Cranes\crane_body_LOD.vvd
hl2\models\Cranes\crane_docks.dx80.vtx
hl2\models\Cranes\crane_docks.dx90.vtx
hl2\models\Cranes\crane_docks.mdl
hl2\models\Cranes\crane_docks.phy
hl2\models\Cranes\crane_docks.sw.vtx
hl2\models\Cranes\crane_docks.vvd
hl2\models\Cranes\crane_frame.dx80.vtx
hl2\models\Cranes\crane_frame.dx90.vtx
hl2\models\Cranes\crane_frame.mdl
hl2\models\Cranes\crane_frame.phy
hl2\models\Cranes\crane_frame.sw.vtx
hl2\models\Cranes\crane_frame.vvd
hl2\models\Cranes\crane_frame_interior.dx80.vtx
hl2\models\Cranes\crane_frame_interior.dx90.vtx
hl2\models\Cranes\crane_frame_interior.mdl
hl2\models\Cranes\crane_frame_interior.phy
hl2\models\Cranes\crane_frame_interior.sw.vtx
hl2\models\Cranes\crane_frame_interior.vvd
hl2\models\Effects\combineball.dx80.vtx
hl2\models\Effects\combineball.dx90.vtx
hl2\models\Effects\combineball.mdl
hl2\models\Effects\combineball.sw.vtx
hl2\models\Effects\combineball.vvd
hl2\models\Effects\portalfunnel.dx80.vtx
hl2\models\Effects\portalfunnel.dx90.vtx
hl2\models\Effects\portalfunnel.mdl
hl2\models\Effects\portalfunnel.sw.vtx
hl2\models\Effects\portalfunnel.vvd
hl2\models\Effects\portalrift.dx80.vtx
hl2\models\Effects\portalrift.dx90.vtx
hl2\models\Effects\portalrift.mdl
hl2\models\Effects\portalrift.sw.vtx
hl2\models\Effects\portalrift.vvd
hl2\models\Effects\splode.dx80.vtx
hl2\models\Effects\splode.dx90.vtx
hl2\models\Effects\splode.mdl
hl2\models\Effects\splode.sw.vtx
hl2\models\Effects\splode.vvd
hl2\models\Effects\splodearc.dx80.vtx
hl2\models\Effects\splodearc.dx90.vtx
hl2\models\Effects\splodearc.mdl
hl2\models\Effects\splodearc.sw.vtx
hl2\models\Effects\splodearc.vvd
hl2\models\Effects\splodeglass.dx80.vtx
hl2\models\Effects\splodeglass.dx90.vtx
hl2\models\Effects\splodeglass.mdl
hl2\models\Effects\splodeglass.sw.vtx
hl2\models\Effects\splodeglass.vvd
hl2\models\Effects\teleporttrail.dx80.vtx
hl2\models\Effects\teleporttrail.dx90.vtx
hl2\models\Effects\teleporttrail.mdl
hl2\models\Effects\teleporttrail.sw.vtx
hl2\models\Effects\teleporttrail.vvd
hl2\models\Effects\teleporttrail_Alyx.ani
hl2\models\Effects\teleporttrail_Alyx.dx80.vtx
hl2\models\Effects\teleporttrail_Alyx.dx90.vtx
hl2\models\Effects\teleporttrail_Alyx.mdl
hl2\models\Effects\teleporttrail_Alyx.sw.vtx
hl2\models\Effects\teleporttrail_Alyx.vvd
hl2\models\Effects\vol_light.dx80.vtx
hl2\models\Effects\vol_light.dx90.vtx
hl2\models\Effects\vol_light.mdl
hl2\models\Effects\vol_light.sw.vtx
hl2\models\Effects\vol_light.vvd
hl2\models\Effects\vol_light128x128.dx80.vtx
hl2\models\Effects\vol_light128x128.dx90.vtx
hl2\models\Effects\vol_light128x128.mdl
hl2\models\Effects\vol_light128x128.sw.vtx
hl2\models\Effects\vol_light128x128.vvd
hl2\models\Effects\vol_light128x256.dx80.vtx
hl2\models\Effects\vol_light128x256.dx90.vtx
hl2\models\Effects\vol_light128x256.mdl
hl2\models\Effects\vol_light128x256.sw.vtx
hl2\models\Effects\vol_light128x256.vvd
hl2\models\Effects\vol_light128x384.dx80.vtx
hl2\models\Effects\vol_light128x384.dx90.vtx
hl2\models\Effects\vol_light128x384.mdl
hl2\models\Effects\vol_light128x384.sw.vtx
hl2\models\Effects\vol_light128x384.vvd
hl2\models\Effects\vol_light128x512.dx80.vtx
hl2\models\Effects\vol_light128x512.dx90.vtx
hl2\models\Effects\vol_light128x512.mdl
hl2\models\Effects\vol_light128x512.sw.vtx
hl2\models\Effects\vol_light128x512.vvd
hl2\models\Effects\vol_light256x384.dx80.vtx
hl2\models\Effects\vol_light256x384.dx90.vtx
hl2\models\Effects\vol_light256x384.mdl
hl2\models\Effects\vol_light256x384.sw.vtx
hl2\models\Effects\vol_light256x384.vvd
hl2\models\Effects\vol_light256x512.dx80.vtx
hl2\models\Effects\vol_light256x512.dx90.vtx
hl2\models\Effects\vol_light256x512.mdl
hl2\models\Effects\vol_light256x512.sw.vtx
hl2\models\Effects\vol_light256x512.vvd
hl2\models\Effects\vol_light64x128.dx80.vtx
hl2\models\Effects\vol_light64x128.dx90.vtx
hl2\models\Effects\vol_light64x128.mdl
hl2\models\Effects\vol_light64x128.sw.vtx
hl2\models\Effects\vol_light64x128.vvd
hl2\models\Effects\vol_light64x256.dx80.vtx
hl2\models\Effects\vol_light64x256.dx90.vtx
hl2\models\Effects\vol_light64x256.mdl
hl2\models\Effects\vol_light64x256.sw.vtx
hl2\models\Effects\vol_light64x256.vvd
hl2\models\extras\info_speech.dx80.vtx
hl2\models\extras\info_speech.dx90.vtx
hl2\models\extras\info_speech.mdl
hl2\models\extras\info_speech.phy
hl2\models\extras\info_speech.sw.vtx
hl2\models\extras\info_speech.vvd
hl2\models\Gibs\furniture_gibs\furniture_chair01a_gib01.dx80.vtx
hl2\models\Gibs\furniture_gibs\furniture_chair01a_gib01.dx90.vtx
hl2\models\Gibs\furniture_gibs\furniture_chair01a_gib01.mdl
hl2\models\Gibs\furniture_gibs\furniture_chair01a_gib01.phy
hl2\models\Gibs\furniture_gibs\furniture_chair01a_gib01.sw.vtx
hl2\models\Gibs\furniture_gibs\furniture_chair01a_gib01.vvd
hl2\models\Gibs\furniture_gibs\furniture_chair01a_gib02.dx80.vtx
hl2\models\Gibs\furniture_gibs\furniture_chair01a_gib02.dx90.vtx
hl2\models\Gibs\furniture_gibs\furniture_chair01a_gib02.mdl
hl2\models\Gibs\furniture_gibs\furniture_chair01a_gib02.phy
hl2\models\Gibs\furniture_gibs\furniture_chair01a_gib02.sw.vtx
hl2\models\Gibs\furniture_gibs\furniture_chair01a_gib02.vvd
hl2\models\Gibs\furniture_gibs\furniture_chair01a_gib03.dx80.vtx
hl2\models\Gibs\furniture_gibs\furniture_chair01a_gib03.dx90.vtx
hl2\models\Gibs\furniture_gibs\furniture_chair01a_gib03.mdl
hl2\models\Gibs\furniture_gibs\furniture_chair01a_gib03.phy
hl2\models\Gibs\furniture_gibs\furniture_chair01a_gib03.sw.vtx
hl2\models\Gibs\furniture_gibs\furniture_chair01a_gib03.vvd
hl2\models\Gibs\furniture_gibs\furniture_chair01a_gib05.dx80.vtx
hl2\models\Gibs\furniture_gibs\furniture_chair01a_gib05.dx90.vtx
hl2\models\Gibs\furniture_gibs\furniture_chair01a_gib05.mdl
hl2\models\Gibs\furniture_gibs\furniture_chair01a_gib05.phy
hl2\models\Gibs\furniture_gibs\furniture_chair01a_gib05.sw.vtx
hl2\models\Gibs\furniture_gibs\furniture_chair01a_gib05.vvd
hl2\models\Gibs\furniture_gibs\furniture_vanity01a_gib01.dx80.vtx
hl2\models\Gibs\furniture_gibs\furniture_vanity01a_gib01.dx90.vtx
hl2\models\Gibs\furniture_gibs\furniture_vanity01a_gib01.mdl
hl2\models\Gibs\furniture_gibs\furniture_vanity01a_gib01.phy
hl2\models\Gibs\furniture_gibs\furniture_vanity01a_gib01.sw.vtx
hl2\models\Gibs\furniture_gibs\furniture_vanity01a_gib01.vvd
hl2\models\Gibs\furniture_gibs\furniture_vanity01a_gib02.dx80.vtx
hl2\models\Gibs\furniture_gibs\furniture_vanity01a_gib02.dx90.vtx
hl2\models\Gibs\furniture_gibs\furniture_vanity01a_gib02.mdl
hl2\models\Gibs\furniture_gibs\furniture_vanity01a_gib02.phy
hl2\models\Gibs\furniture_gibs\furniture_vanity01a_gib02.sw.vtx
hl2\models\Gibs\furniture_gibs\furniture_vanity01a_gib02.vvd
hl2\models\Gibs\furniture_gibs\furniture_vanity01a_gib03.dx80.vtx
hl2\models\Gibs\furniture_gibs\furniture_vanity01a_gib03.dx90.vtx
hl2\models\Gibs\furniture_gibs\furniture_vanity01a_gib03.mdl
hl2\models\Gibs\furniture_gibs\furniture_vanity01a_gib03.phy
hl2\models\Gibs\furniture_gibs\furniture_vanity01a_gib03.sw.vtx
hl2\models\Gibs\furniture_gibs\furniture_vanity01a_gib03.vvd
hl2\models\Gibs\furniture_gibs\furniture_vanity01a_gib05.dx80.vtx
hl2\models\Gibs\furniture_gibs\furniture_vanity01a_gib05.dx90.vtx
hl2\models\Gibs\furniture_gibs\furniture_vanity01a_gib05.mdl
hl2\models\Gibs\furniture_gibs\furniture_vanity01a_gib05.phy
hl2\models\Gibs\furniture_gibs\furniture_vanity01a_gib05.sw.vtx
hl2\models\Gibs\furniture_gibs\furniture_vanity01a_gib05.vvd
hl2\models\Gibs\furniture_gibs\furniture_vanity01a_shard01.dx80.vtx
hl2\models\Gibs\furniture_gibs\furniture_vanity01a_shard01.dx90.vtx
hl2\models\Gibs\furniture_gibs\furniture_vanity01a_shard01.mdl
hl2\models\Gibs\furniture_gibs\furniture_vanity01a_shard01.phy
hl2\models\Gibs\furniture_gibs\furniture_vanity01a_shard01.sw.vtx
hl2\models\Gibs\furniture_gibs\furniture_vanity01a_shard01.vvd
hl2\models\Gibs\furniture_gibs\FurnitureDrawer002a_gib03.dx80.vtx
hl2\models\Gibs\furniture_gibs\FurnitureDrawer002a_gib03.dx90.vtx
hl2\models\Gibs\furniture_gibs\FurnitureDrawer002a_gib03.mdl
hl2\models\Gibs\furniture_gibs\FurnitureDrawer002a_gib03.phy
hl2\models\Gibs\furniture_gibs\FurnitureDrawer002a_gib03.sw.vtx
hl2\models\Gibs\furniture_gibs\FurnitureDrawer002a_gib03.vvd
hl2\models\Gibs\furniture_gibs\FurnitureDrawer002a_gib05.dx80.vtx
hl2\models\Gibs\furniture_gibs\FurnitureDrawer002a_gib05.dx90.vtx
hl2\models\Gibs\furniture_gibs\FurnitureDrawer002a_gib05.mdl
hl2\models\Gibs\furniture_gibs\FurnitureDrawer002a_gib05.phy
hl2\models\Gibs\furniture_gibs\FurnitureDrawer002a_gib05.sw.vtx
hl2\models\Gibs\furniture_gibs\FurnitureDrawer002a_gib05.vvd
hl2\models\Gibs\furniture_gibs\FurnitureDrawer002a_gib06.dx80.vtx
hl2\models\Gibs\furniture_gibs\FurnitureDrawer002a_gib06.dx90.vtx
hl2\models\Gibs\furniture_gibs\FurnitureDrawer002a_gib06.mdl
hl2\models\Gibs\furniture_gibs\FurnitureDrawer002a_gib06.phy
hl2\models\Gibs\furniture_gibs\FurnitureDrawer002a_gib06.sw.vtx
hl2\models\Gibs\furniture_gibs\FurnitureDrawer002a_gib06.vvd
hl2\models\Gibs\furniture_gibs\FurnitureDrawer002a_gib07.dx80.vtx
hl2\models\Gibs\furniture_gibs\FurnitureDrawer002a_gib07.dx90.vtx
hl2\models\Gibs\furniture_gibs\FurnitureDrawer002a_gib07.mdl
hl2\models\Gibs\furniture_gibs\FurnitureDrawer002a_gib07.phy
hl2\models\Gibs\furniture_gibs\FurnitureDrawer002a_gib07.sw.vtx
hl2\models\Gibs\furniture_gibs\FurnitureDrawer002a_gib07.vvd
hl2\models\Gibs\furniture_gibs\FurnitureTable001a_Chunk01.dx80.vtx
hl2\models\Gibs\furniture_gibs\FurnitureTable001a_Chunk01.dx90.vtx
hl2\models\Gibs\furniture_gibs\FurnitureTable001a_Chunk01.mdl
hl2\models\Gibs\furniture_gibs\FurnitureTable001a_Chunk01.phy
hl2\models\Gibs\furniture_gibs\FurnitureTable001a_Chunk01.sw.vtx
hl2\models\Gibs\furniture_gibs\FurnitureTable001a_Chunk01.vvd
hl2\models\Gibs\furniture_gibs\FurnitureTable001a_Chunk02.dx80.vtx
hl2\models\Gibs\furniture_gibs\FurnitureTable001a_Chunk02.dx90.vtx
hl2\models\Gibs\furniture_gibs\FurnitureTable001a_Chunk02.mdl
hl2\models\Gibs\furniture_gibs\FurnitureTable001a_Chunk02.phy
hl2\models\Gibs\furniture_gibs\FurnitureTable001a_Chunk02.sw.vtx
hl2\models\Gibs\furniture_gibs\FurnitureTable001a_Chunk02.vvd
hl2\models\Gibs\furniture_gibs\FurnitureTable001a_Chunk03.dx80.vtx
hl2\models\Gibs\furniture_gibs\FurnitureTable001a_Chunk03.dx90.vtx
hl2\models\Gibs\furniture_gibs\FurnitureTable001a_Chunk03.mdl
hl2\models\Gibs\furniture_gibs\FurnitureTable001a_Chunk03.phy
hl2\models\Gibs\furniture_gibs\FurnitureTable001a_Chunk03.sw.vtx
hl2\models\Gibs\furniture_gibs\FurnitureTable001a_Chunk03.vvd
hl2\models\Gibs\furniture_gibs\FurnitureTable001a_Chunk04.dx80.vtx
hl2\models\Gibs\furniture_gibs\FurnitureTable001a_Chunk04.dx90.vtx
hl2\models\Gibs\furniture_gibs\FurnitureTable001a_Chunk04.mdl
hl2\models\Gibs\furniture_gibs\FurnitureTable001a_Chunk04.phy
hl2\models\Gibs\furniture_gibs\FurnitureTable001a_Chunk04.sw.vtx
hl2\models\Gibs\furniture_gibs\FurnitureTable001a_Chunk04.vvd
hl2\models\Gibs\furniture_gibs\FurnitureTable001a_Chunk05.dx80.vtx
hl2\models\Gibs\furniture_gibs\FurnitureTable001a_Chunk05.dx90.vtx
hl2\models\Gibs\furniture_gibs\FurnitureTable001a_Chunk05.mdl
hl2\models\Gibs\furniture_gibs\FurnitureTable001a_Chunk05.phy
hl2\models\Gibs\furniture_gibs\FurnitureTable001a_Chunk05.sw.vtx
hl2\models\Gibs\furniture_gibs\FurnitureTable001a_Chunk05.vvd
hl2\models\Gibs\furniture_gibs\FurnitureTable001a_Chunk06.dx80.vtx
hl2\models\Gibs\furniture_gibs\FurnitureTable001a_Chunk06.dx90.vtx
hl2\models\Gibs\furniture_gibs\FurnitureTable001a_Chunk06.mdl
hl2\models\Gibs\furniture_gibs\FurnitureTable001a_Chunk06.phy
hl2\models\Gibs\furniture_gibs\FurnitureTable001a_Chunk06.sw.vtx
hl2\models\Gibs\furniture_gibs\FurnitureTable001a_Chunk06.vvd
hl2\models\Gibs\furniture_gibs\FurnitureTable001a_Chunk07.dx80.vtx
hl2\models\Gibs\furniture_gibs\FurnitureTable001a_Chunk07.dx90.vtx
hl2\models\Gibs\furniture_gibs\FurnitureTable001a_Chunk07.mdl
hl2\models\Gibs\furniture_gibs\FurnitureTable001a_Chunk07.phy
hl2\models\Gibs\furniture_gibs\FurnitureTable001a_Chunk07.sw.vtx
hl2\models\Gibs\furniture_gibs\FurnitureTable001a_Chunk07.vvd
hl2\models\Gibs\furniture_gibs\FurnitureTable001a_Shard01.dx80.vtx
hl2\models\Gibs\furniture_gibs\FurnitureTable001a_Shard01.dx90.vtx
hl2\models\Gibs\furniture_gibs\FurnitureTable001a_Shard01.mdl
hl2\models\Gibs\furniture_gibs\FurnitureTable001a_Shard01.phy
hl2\models\Gibs\furniture_gibs\FurnitureTable001a_Shard01.sw.vtx
hl2\models\Gibs\furniture_gibs\FurnitureTable001a_Shard01.vvd
hl2\models\Gibs\furniture_gibs\FurnitureTable002a_Chunk01.dx80.vtx
hl2\models\Gibs\furniture_gibs\FurnitureTable002a_Chunk01.dx90.vtx
hl2\models\Gibs\furniture_gibs\FurnitureTable002a_Chunk01.mdl
hl2\models\Gibs\furniture_gibs\FurnitureTable002a_Chunk01.phy
hl2\models\Gibs\furniture_gibs\FurnitureTable002a_Chunk01.sw.vtx
hl2\models\Gibs\furniture_gibs\FurnitureTable002a_Chunk01.vvd
hl2\models\Gibs\furniture_gibs\FurnitureTable002a_Chunk02.dx80.vtx
hl2\models\Gibs\furniture_gibs\FurnitureTable002a_Chunk02.dx90.vtx
hl2\models\Gibs\furniture_gibs\FurnitureTable002a_Chunk02.mdl
hl2\models\Gibs\furniture_gibs\FurnitureTable002a_Chunk02.phy
hl2\models\Gibs\furniture_gibs\FurnitureTable002a_Chunk02.sw.vtx
hl2\models\Gibs\furniture_gibs\FurnitureTable002a_Chunk02.vvd
hl2\models\Gibs\furniture_gibs\FurnitureTable002a_Chunk03.dx80.vtx
hl2\models\Gibs\furniture_gibs\FurnitureTable002a_Chunk03.dx90.vtx
hl2\models\Gibs\furniture_gibs\FurnitureTable002a_Chunk03.mdl
hl2\models\Gibs\furniture_gibs\FurnitureTable002a_Chunk03.phy
hl2\models\Gibs\furniture_gibs\FurnitureTable002a_Chunk03.sw.vtx
hl2\models\Gibs\furniture_gibs\FurnitureTable002a_Chunk03.vvd
hl2\models\Gibs\furniture_gibs\FurnitureTable002a_Chunk07.dx80.vtx
hl2\models\Gibs\furniture_gibs\FurnitureTable002a_Chunk07.dx90.vtx
hl2\models\Gibs\furniture_gibs\FurnitureTable002a_Chunk07.mdl
hl2\models\Gibs\furniture_gibs\FurnitureTable002a_Chunk07.phy
hl2\models\Gibs\furniture_gibs\FurnitureTable002a_Chunk07.sw.vtx
hl2\models\Gibs\furniture_gibs\FurnitureTable002a_Chunk07.vvd
hl2\models\Gibs\furniture_gibs\FurnitureTable002a_Chunk08.dx80.vtx
hl2\models\Gibs\furniture_gibs\FurnitureTable002a_Chunk08.dx90.vtx
hl2\models\Gibs\furniture_gibs\FurnitureTable002a_Chunk08.mdl
hl2\models\Gibs\furniture_gibs\FurnitureTable002a_Chunk08.phy
hl2\models\Gibs\furniture_gibs\FurnitureTable002a_Chunk08.sw.vtx
hl2\models\Gibs\furniture_gibs\FurnitureTable002a_Chunk08.vvd
hl2\models\Gibs\furniture_gibs\FurnitureTable002a_Chunk11.dx80.vtx
hl2\models\Gibs\furniture_gibs\FurnitureTable002a_Chunk11.dx90.vtx
hl2\models\Gibs\furniture_gibs\FurnitureTable002a_Chunk11.mdl
hl2\models\Gibs\furniture_gibs\FurnitureTable002a_Chunk11.phy
hl2\models\Gibs\furniture_gibs\FurnitureTable002a_Chunk11.sw.vtx
hl2\models\Gibs\furniture_gibs\FurnitureTable002a_Chunk11.vvd
hl2\models\Gibs\furniture_gibs\FurnitureTable002a_Shard01.dx80.vtx
hl2\models\Gibs\furniture_gibs\FurnitureTable002a_Shard01.dx90.vtx
hl2\models\Gibs\furniture_gibs\FurnitureTable002a_Shard01.mdl
hl2\models\Gibs\furniture_gibs\FurnitureTable002a_Shard01.phy
hl2\models\Gibs\furniture_gibs\FurnitureTable002a_Shard01.sw.vtx
hl2\models\Gibs\furniture_gibs\FurnitureTable002a_Shard01.vvd
hl2\models\Gibs\furniture_gibs\FurnitureTable003a_gib01.dx80.vtx
hl2\models\Gibs\furniture_gibs\FurnitureTable003a_gib01.dx90.vtx
hl2\models\Gibs\furniture_gibs\FurnitureTable003a_gib01.mdl
hl2\models\Gibs\furniture_gibs\FurnitureTable003a_gib01.phy
hl2\models\Gibs\furniture_gibs\FurnitureTable003a_gib01.sw.vtx
hl2\models\Gibs\furniture_gibs\FurnitureTable003a_gib01.vvd
hl2\models\Gibs\furniture_gibs\FurnitureTable003a_gib03.dx80.vtx
hl2\models\Gibs\furniture_gibs\FurnitureTable003a_gib03.dx90.vtx
hl2\models\Gibs\furniture_gibs\FurnitureTable003a_gib03.mdl
hl2\models\Gibs\furniture_gibs\FurnitureTable003a_gib03.phy
hl2\models\Gibs\furniture_gibs\FurnitureTable003a_gib03.sw.vtx
hl2\models\Gibs\furniture_gibs\FurnitureTable003a_gib03.vvd
hl2\models\Gibs\furniture_gibs\FurnitureTable003a_gib04.dx80.vtx
hl2\models\Gibs\furniture_gibs\FurnitureTable003a_gib04.dx90.vtx
hl2\models\Gibs\furniture_gibs\FurnitureTable003a_gib04.mdl
hl2\models\Gibs\furniture_gibs\FurnitureTable003a_gib04.phy
hl2\models\Gibs\furniture_gibs\FurnitureTable003a_gib04.sw.vtx
hl2\models\Gibs\furniture_gibs\FurnitureTable003a_gib04.vvd
hl2\models\Gibs\furniture_gibs\FurnitureTable003a_gib05.dx80.vtx
hl2\models\Gibs\furniture_gibs\FurnitureTable003a_gib05.dx90.vtx
hl2\models\Gibs\furniture_gibs\FurnitureTable003a_gib05.mdl
hl2\models\Gibs\furniture_gibs\FurnitureTable003a_gib05.phy
hl2\models\Gibs\furniture_gibs\FurnitureTable003a_gib05.sw.vtx
hl2\models\Gibs\furniture_gibs\FurnitureTable003a_gib05.vvd
hl2\models\Gibs\furniture_gibs\FurnitureTable003a_shard01.dx80.vtx
hl2\models\Gibs\furniture_gibs\FurnitureTable003a_shard01.dx90.vtx
hl2\models\Gibs\furniture_gibs\FurnitureTable003a_shard01.mdl
hl2\models\Gibs\furniture_gibs\FurnitureTable003a_shard01.phy
hl2\models\Gibs\furniture_gibs\FurnitureTable003a_shard01.sw.vtx
hl2\models\Gibs\furniture_gibs\FurnitureTable003a_shard01.vvd
hl2\models\Gibs\furniture_gibs\furniturewooddrawer003a_chunk01.dx80.vtx
hl2\models\Gibs\furniture_gibs\furniturewooddrawer003a_chunk01.dx90.vtx
hl2\models\Gibs\furniture_gibs\furniturewooddrawer003a_chunk01.mdl
hl2\models\Gibs\furniture_gibs\furniturewooddrawer003a_chunk01.phy
hl2\models\Gibs\furniture_gibs\furniturewooddrawer003a_chunk01.sw.vtx
hl2\models\Gibs\furniture_gibs\furniturewooddrawer003a_chunk01.vvd
hl2\models\Gibs\furniture_gibs\furniturewooddrawer003a_chunk02.dx80.vtx
hl2\models\Gibs\furniture_gibs\furniturewooddrawer003a_chunk02.dx90.vtx
hl2\models\Gibs\furniture_gibs\furniturewooddrawer003a_chunk02.mdl
hl2\models\Gibs\furniture_gibs\furniturewooddrawer003a_chunk02.phy
hl2\models\Gibs\furniture_gibs\furniturewooddrawer003a_chunk02.sw.vtx
hl2\models\Gibs\furniture_gibs\furniturewooddrawer003a_chunk02.vvd
hl2\models\Gibs\furniture_gibs\furniturewooddrawer003a_chunk03.dx80.vtx
hl2\models\Gibs\furniture_gibs\furniturewooddrawer003a_chunk03.dx90.vtx
hl2\models\Gibs\furniture_gibs\furniturewooddrawer003a_chunk03.mdl
hl2\models\Gibs\furniture_gibs\furniturewooddrawer003a_chunk03.phy
hl2\models\Gibs\furniture_gibs\furniturewooddrawer003a_chunk03.sw.vtx
hl2\models\Gibs\furniture_gibs\furniturewooddrawer003a_chunk03.vvd
hl2\models\Gibs\furniture_gibs\furniturewooddrawer003a_chunk04.dx80.vtx
hl2\models\Gibs\furniture_gibs\furniturewooddrawer003a_chunk04.dx90.vtx
hl2\models\Gibs\furniture_gibs\furniturewooddrawer003a_chunk04.mdl
hl2\models\Gibs\furniture_gibs\furniturewooddrawer003a_chunk04.phy
hl2\models\Gibs\furniture_gibs\furniturewooddrawer003a_chunk04.sw.vtx
hl2\models\Gibs\furniture_gibs\furniturewooddrawer003a_chunk04.vvd
hl2\models\Gibs\furniture_gibs\furniturewooddrawer003a_chunk05.dx80.vtx
hl2\models\Gibs\furniture_gibs\furniturewooddrawer003a_chunk05.dx90.vtx
hl2\models\Gibs\furniture_gibs\furniturewooddrawer003a_chunk05.mdl
hl2\models\Gibs\furniture_gibs\furniturewooddrawer003a_chunk05.phy
hl2\models\Gibs\furniture_gibs\furniturewooddrawer003a_chunk05.sw.vtx
hl2\models\Gibs\furniture_gibs\furniturewooddrawer003a_chunk05.vvd
hl2\models\Gibs\AGIBS.dx80.vtx
hl2\models\Gibs\AGIBS.dx90.vtx
hl2\models\Gibs\AGIBS.mdl
hl2\models\Gibs\AGIBS.sw.vtx
hl2\models\Gibs\AGIBS.vvd
hl2\models\Gibs\airboat_broken_engine.dx80.vtx
hl2\models\Gibs\airboat_broken_engine.dx90.vtx
hl2\models\Gibs\airboat_broken_engine.mdl
hl2\models\Gibs\airboat_broken_engine.phy
hl2\models\Gibs\airboat_broken_engine.sw.vtx
hl2\models\Gibs\airboat_broken_engine.vvd
hl2\models\Gibs\Antlion_gib_Large_1.dx80.vtx
hl2\models\Gibs\Antlion_gib_large_1.dx90.vtx
hl2\models\Gibs\Antlion_gib_Large_1.mdl
hl2\models\Gibs\Antlion_gib_Large_1.phy
hl2\models\Gibs\Antlion_gib_large_1.sw.vtx
hl2\models\Gibs\Antlion_gib_large_1.vvd
hl2\models\Gibs\Antlion_gib_Large_2.dx80.vtx
hl2\models\Gibs\Antlion_gib_large_2.dx90.vtx
hl2\models\Gibs\Antlion_gib_Large_2.mdl
hl2\models\Gibs\Antlion_gib_Large_2.phy
hl2\models\Gibs\Antlion_gib_large_2.sw.vtx
hl2\models\Gibs\Antlion_gib_large_2.vvd
hl2\models\Gibs\Antlion_gib_Large_3.dx80.vtx
hl2\models\Gibs\Antlion_gib_large_3.dx90.vtx
hl2\models\Gibs\Antlion_gib_Large_3.mdl
hl2\models\Gibs\Antlion_gib_Large_3.phy
hl2\models\Gibs\Antlion_gib_large_3.sw.vtx
hl2\models\Gibs\Antlion_gib_large_3.vvd
hl2\models\Gibs\Antlion_gib_medium_1.dx80.vtx
hl2\models\Gibs\Antlion_gib_medium_1.dx90.vtx
hl2\models\Gibs\Antlion_gib_medium_1.mdl
hl2\models\Gibs\Antlion_gib_medium_1.phy
hl2\models\Gibs\Antlion_gib_medium_1.sw.vtx
hl2\models\Gibs\Antlion_gib_medium_1.vvd
hl2\models\Gibs\Antlion_gib_medium_2.dx80.vtx
hl2\models\Gibs\Antlion_gib_medium_2.dx90.vtx
hl2\models\Gibs\Antlion_gib_medium_2.mdl
hl2\models\Gibs\Antlion_gib_medium_2.phy
hl2\models\Gibs\Antlion_gib_medium_2.sw.vtx
hl2\models\Gibs\Antlion_gib_medium_2.vvd
hl2\models\Gibs\Antlion_gib_medium_3.dx80.vtx
hl2\models\Gibs\Antlion_gib_medium_3.dx90.vtx
hl2\models\Gibs\Antlion_gib_medium_3.mdl
hl2\models\Gibs\Antlion_gib_medium_3.phy
hl2\models\Gibs\Antlion_gib_medium_3.sw.vtx
hl2\models\Gibs\Antlion_gib_medium_3.vvd
hl2\models\Gibs\Antlion_gib_small_1.dx80.vtx
hl2\models\Gibs\Antlion_gib_small_1.dx90.vtx
hl2\models\Gibs\Antlion_gib_small_1.mdl
hl2\models\Gibs\Antlion_gib_small_1.phy
hl2\models\Gibs\Antlion_gib_small_1.sw.vtx
hl2\models\Gibs\Antlion_gib_small_1.vvd
hl2\models\Gibs\Antlion_gib_small_2.dx80.vtx
hl2\models\Gibs\Antlion_gib_small_2.dx90.vtx
hl2\models\Gibs\Antlion_gib_small_2.mdl
hl2\models\Gibs\Antlion_gib_small_2.phy
hl2\models\Gibs\Antlion_gib_small_2.sw.vtx
hl2\models\Gibs\Antlion_gib_small_2.vvd
hl2\models\Gibs\Antlion_gib_small_3.dx80.vtx
hl2\models\Gibs\Antlion_gib_small_3.dx90.vtx
hl2\models\Gibs\Antlion_gib_small_3.mdl
hl2\models\Gibs\Antlion_gib_small_3.phy
hl2\models\Gibs\Antlion_gib_small_3.sw.vtx
hl2\models\Gibs\Antlion_gib_small_3.vvd
hl2\models\Gibs\Fast_Zombie_Legs.dx80.vtx
hl2\models\Gibs\Fast_Zombie_Legs.dx90.vtx
hl2\models\Gibs\Fast_Zombie_Legs.mdl
hl2\models\Gibs\Fast_Zombie_Legs.phy
hl2\models\Gibs\Fast_Zombie_Legs.sw.vtx
hl2\models\Gibs\Fast_Zombie_Legs.vvd
hl2\models\Gibs\Fast_Zombie_Torso.dx80.vtx
hl2\models\Gibs\Fast_Zombie_Torso.dx90.vtx
hl2\models\Gibs\Fast_Zombie_Torso.mdl
hl2\models\Gibs\Fast_Zombie_Torso.phy
hl2\models\Gibs\Fast_Zombie_Torso.sw.vtx
hl2\models\Gibs\Fast_Zombie_Torso.vvd
hl2\models\Gibs\Glass_shard.dx80.vtx
hl2\models\Gibs\Glass_shard.dx90.vtx
hl2\models\Gibs\Glass_shard.mdl
hl2\models\Gibs\Glass_shard.sw.vtx
hl2\models\Gibs\Glass_shard.vvd
hl2\models\Gibs\Glass_shard01.dx80.vtx
hl2\models\Gibs\Glass_shard01.dx90.vtx
hl2\models\Gibs\Glass_shard01.mdl
hl2\models\Gibs\Glass_shard01.phy
hl2\models\Gibs\Glass_shard01.sw.vtx
hl2\models\Gibs\Glass_shard01.vvd
hl2\models\Gibs\Glass_shard02.dx80.vtx
hl2\models\Gibs\Glass_shard02.dx90.vtx
hl2\models\Gibs\Glass_shard02.mdl
hl2\models\Gibs\Glass_shard02.phy
hl2\models\Gibs\Glass_shard02.sw.vtx
hl2\models\Gibs\Glass_shard02.vvd
hl2\models\Gibs\Glass_shard03.dx80.vtx
hl2\models\Gibs\Glass_shard03.dx90.vtx
hl2\models\Gibs\Glass_shard03.mdl
hl2\models\Gibs\Glass_shard03.phy
hl2\models\Gibs\Glass_shard03.sw.vtx
hl2\models\Gibs\Glass_shard03.vvd
hl2\models\Gibs\Glass_shard04.dx80.vtx
hl2\models\Gibs\Glass_shard04.dx90.vtx
hl2\models\Gibs\Glass_shard04.mdl
hl2\models\Gibs\Glass_shard04.phy
hl2\models\Gibs\Glass_shard04.sw.vtx
hl2\models\Gibs\Glass_shard04.vvd
hl2\models\Gibs\Glass_shard05.dx80.vtx
hl2\models\Gibs\Glass_shard05.dx90.vtx
hl2\models\Gibs\Glass_shard05.mdl
hl2\models\Gibs\Glass_shard05.phy
hl2\models\Gibs\Glass_shard05.sw.vtx
hl2\models\Gibs\Glass_shard05.vvd
hl2\models\Gibs\Glass_shard06.dx80.vtx
hl2\models\Gibs\Glass_shard06.dx90.vtx
hl2\models\Gibs\Glass_shard06.mdl
hl2\models\Gibs\Glass_shard06.phy
hl2\models\Gibs\Glass_shard06.sw.vtx
hl2\models\Gibs\Glass_shard06.vvd
hl2\models\Gibs\gunship_gibs_engine.dx80.vtx
hl2\models\Gibs\gunship_gibs_engine.dx90.vtx
hl2\models\Gibs\gunship_gibs_engine.mdl
hl2\models\Gibs\gunship_gibs_engine.phy
hl2\models\Gibs\gunship_gibs_engine.sw.vtx
hl2\models\Gibs\gunship_gibs_engine.vvd
hl2\models\Gibs\gunship_gibs_eye.dx80.vtx
hl2\models\Gibs\gunship_gibs_eye.dx90.vtx
hl2\models\Gibs\gunship_gibs_eye.mdl
hl2\models\Gibs\gunship_gibs_eye.phy
hl2\models\Gibs\gunship_gibs_eye.sw.vtx
hl2\models\Gibs\gunship_gibs_eye.vvd
hl2\models\Gibs\gunship_gibs_headsection.dx80.vtx
hl2\models\Gibs\gunship_gibs_headsection.dx90.vtx
hl2\models\Gibs\gunship_gibs_headsection.mdl
hl2\models\Gibs\gunship_gibs_headsection.phy
hl2\models\Gibs\gunship_gibs_headsection.sw.vtx
hl2\models\Gibs\gunship_gibs_headsection.vvd
hl2\models\Gibs\gunship_gibs_midsection.dx80.vtx
hl2\models\Gibs\gunship_gibs_midsection.dx90.vtx
hl2\models\Gibs\gunship_gibs_midsection.mdl
hl2\models\Gibs\gunship_gibs_midsection.phy
hl2\models\Gibs\gunship_gibs_midsection.sw.vtx
hl2\models\Gibs\gunship_gibs_midsection.vvd
hl2\models\Gibs\gunship_gibs_nosegun.dx80.vtx
hl2\models\Gibs\gunship_gibs_nosegun.dx90.vtx
hl2\models\Gibs\gunship_gibs_nosegun.mdl
hl2\models\Gibs\gunship_gibs_nosegun.phy
hl2\models\Gibs\gunship_gibs_nosegun.sw.vtx
hl2\models\Gibs\gunship_gibs_nosegun.vvd
hl2\models\Gibs\gunship_gibs_sensorarray.dx80.vtx
hl2\models\Gibs\gunship_gibs_sensorarray.dx90.vtx
hl2\models\Gibs\gunship_gibs_sensorarray.mdl
hl2\models\Gibs\gunship_gibs_sensorarray.phy
hl2\models\Gibs\gunship_gibs_sensorarray.sw.vtx
hl2\models\Gibs\gunship_gibs_sensorarray.vvd
hl2\models\Gibs\gunship_gibs_tailsection.dx80.vtx
hl2\models\Gibs\gunship_gibs_tailsection.dx90.vtx
hl2\models\Gibs\gunship_gibs_tailsection.mdl
hl2\models\Gibs\gunship_gibs_tailsection.phy
hl2\models\Gibs\gunship_gibs_tailsection.sw.vtx
hl2\models\Gibs\gunship_gibs_tailsection.vvd
hl2\models\Gibs\gunship_gibs_wing.dx80.vtx
hl2\models\Gibs\gunship_gibs_wing.dx90.vtx
hl2\models\Gibs\gunship_gibs_wing.mdl
hl2\models\Gibs\gunship_gibs_wing.phy
hl2\models\Gibs\gunship_gibs_wing.sw.vtx
hl2\models\Gibs\gunship_gibs_wing.vvd
hl2\models\Gibs\helicopter_brokenpiece_01.dx80.vtx
hl2\models\Gibs\helicopter_brokenpiece_01.dx90.vtx
hl2\models\Gibs\helicopter_brokenpiece_01.mdl
hl2\models\Gibs\helicopter_brokenpiece_01.phy
hl2\models\Gibs\helicopter_brokenpiece_01.sw.vtx
hl2\models\Gibs\helicopter_brokenpiece_01.vvd
hl2\models\Gibs\helicopter_brokenpiece_02.dx80.vtx
hl2\models\Gibs\helicopter_brokenpiece_02.dx90.vtx
hl2\models\Gibs\helicopter_brokenpiece_02.mdl
hl2\models\Gibs\helicopter_brokenpiece_02.phy
hl2\models\Gibs\helicopter_brokenpiece_02.sw.vtx
hl2\models\Gibs\helicopter_brokenpiece_02.vvd
hl2\models\Gibs\helicopter_brokenpiece_03.dx80.vtx
hl2\models\Gibs\helicopter_brokenpiece_03.dx90.vtx
hl2\models\Gibs\helicopter_brokenpiece_03.mdl
hl2\models\Gibs\helicopter_brokenpiece_03.phy
hl2\models\Gibs\helicopter_brokenpiece_03.sw.vtx
hl2\models\Gibs\helicopter_brokenpiece_03.vvd
hl2\models\Gibs\helicopter_brokenpiece_04_cockpit.dx80.vtx
hl2\models\Gibs\helicopter_brokenpiece_04_cockpit.dx90.vtx
hl2\models\Gibs\helicopter_brokenpiece_04_cockpit.mdl
hl2\models\Gibs\helicopter_brokenpiece_04_cockpit.phy
hl2\models\Gibs\helicopter_brokenpiece_04_cockpit.sw.vtx
hl2\models\Gibs\helicopter_brokenpiece_04_cockpit.vvd
hl2\models\Gibs\helicopter_brokenpiece_05_tailfan.dx80.vtx
hl2\models\Gibs\helicopter_brokenpiece_05_tailfan.dx90.vtx
hl2\models\Gibs\helicopter_brokenpiece_05_tailfan.mdl
hl2\models\Gibs\helicopter_brokenpiece_05_tailfan.phy
hl2\models\Gibs\helicopter_brokenpiece_05_tailfan.sw.vtx
hl2\models\Gibs\helicopter_brokenpiece_05_tailfan.vvd
hl2\models\Gibs\helicopter_brokenpiece_06_body.dx80.vtx
hl2\models\Gibs\helicopter_brokenpiece_06_body.dx90.vtx
hl2\models\Gibs\helicopter_brokenpiece_06_body.mdl
hl2\models\Gibs\helicopter_brokenpiece_06_body.phy
hl2\models\Gibs\helicopter_brokenpiece_06_body.sw.vtx
hl2\models\Gibs\helicopter_brokenpiece_06_body.vvd
hl2\models\Gibs\HGIBS.dx80.vtx
hl2\models\Gibs\HGIBS.dx90.vtx
hl2\models\Gibs\HGIBS.mdl
hl2\models\Gibs\HGIBS.phy
hl2\models\Gibs\HGIBS.sw.vtx
hl2\models\Gibs\HGIBS.vvd
hl2\models\Gibs\HGIBS_rib.dx80.vtx
hl2\models\Gibs\HGIBS_rib.dx90.vtx
hl2\models\Gibs\HGIBS_rib.mdl
hl2\models\Gibs\HGIBS_rib.phy
hl2\models\Gibs\HGIBS_rib.sw.vtx
hl2\models\Gibs\HGIBS_rib.vvd
hl2\models\Gibs\HGIBS_scapula.dx80.vtx
hl2\models\Gibs\HGIBS_scapula.dx90.vtx
hl2\models\Gibs\HGIBS_scapula.mdl
hl2\models\Gibs\HGIBS_scapula.phy
hl2\models\Gibs\HGIBS_scapula.sw.vtx
hl2\models\Gibs\HGIBS_scapula.vvd
hl2\models\Gibs\HGIBS_spine.dx80.vtx
hl2\models\Gibs\HGIBS_spine.dx90.vtx
hl2\models\Gibs\HGIBS_spine.mdl
hl2\models\Gibs\HGIBS_spine.phy
hl2\models\Gibs\HGIBS_spine.sw.vtx
hl2\models\Gibs\HGIBS_spine.vvd
hl2\models\Gibs\manhack_gib01.dx80.vtx
hl2\models\Gibs\manhack_gib01.dx90.vtx
hl2\models\Gibs\manhack_gib01.mdl
hl2\models\Gibs\manhack_gib01.phy
hl2\models\Gibs\manhack_gib01.sw.vtx
hl2\models\Gibs\manhack_gib01.vvd
hl2\models\Gibs\manhack_gib02.dx80.vtx
hl2\models\Gibs\manhack_gib02.dx90.vtx
hl2\models\Gibs\manhack_gib02.mdl
hl2\models\Gibs\manhack_gib02.phy
hl2\models\Gibs\manhack_gib02.sw.vtx
hl2\models\Gibs\manhack_gib02.vvd
hl2\models\Gibs\manhack_gib03.dx80.vtx
hl2\models\Gibs\manhack_gib03.dx90.vtx
hl2\models\Gibs\manhack_gib03.mdl
hl2\models\Gibs\manhack_gib03.phy
hl2\models\Gibs\manhack_gib03.sw.vtx
hl2\models\Gibs\manhack_gib03.vvd
hl2\models\Gibs\manhack_gib04.dx80.vtx
hl2\models\Gibs\manhack_gib04.dx90.vtx
hl2\models\Gibs\manhack_gib04.mdl
hl2\models\Gibs\manhack_gib04.phy
hl2\models\Gibs\manhack_gib04.sw.vtx
hl2\models\Gibs\manhack_gib04.vvd
hl2\models\Gibs\manhack_gib05.dx80.vtx
hl2\models\Gibs\manhack_gib05.dx90.vtx
hl2\models\Gibs\manhack_gib05.mdl
hl2\models\Gibs\manhack_gib05.phy
hl2\models\Gibs\manhack_gib05.sw.vtx
hl2\models\Gibs\manhack_gib05.vvd
hl2\models\Gibs\manhack_gib06.dx80.vtx
hl2\models\Gibs\manhack_gib06.dx90.vtx
hl2\models\Gibs\manhack_gib06.mdl
hl2\models\Gibs\manhack_gib06.phy
hl2\models\Gibs\manhack_gib06.sw.vtx
hl2\models\Gibs\manhack_gib06.vvd
hl2\models\Gibs\metal_gib1.dx80.vtx
hl2\models\Gibs\metal_gib1.dx90.vtx
hl2\models\Gibs\metal_gib1.mdl
hl2\models\Gibs\metal_gib1.phy
hl2\models\Gibs\metal_gib1.sw.vtx
hl2\models\Gibs\metal_gib1.vvd
hl2\models\Gibs\metal_gib2.dx80.vtx
hl2\models\Gibs\metal_gib2.dx90.vtx
hl2\models\Gibs\metal_gib2.mdl
hl2\models\Gibs\metal_gib2.phy
hl2\models\Gibs\metal_gib2.sw.vtx
hl2\models\Gibs\metal_gib2.vvd
hl2\models\Gibs\metal_gib3.dx80.vtx
hl2\models\Gibs\metal_gib3.dx90.vtx
hl2\models\Gibs\metal_gib3.mdl
hl2\models\Gibs\metal_gib3.phy
hl2\models\Gibs\metal_gib3.sw.vtx
hl2\models\Gibs\metal_gib3.vvd
hl2\models\Gibs\metal_gib4.dx80.vtx
hl2\models\Gibs\metal_gib4.dx90.vtx
hl2\models\Gibs\metal_gib4.mdl
hl2\models\Gibs\metal_gib4.phy
hl2\models\Gibs\metal_gib4.sw.vtx
hl2\models\Gibs\metal_gib4.vvd
hl2\models\Gibs\metal_gib5.dx80.vtx
hl2\models\Gibs\metal_gib5.dx90.vtx
hl2\models\Gibs\metal_gib5.mdl
hl2\models\Gibs\metal_gib5.phy
hl2\models\Gibs\metal_gib5.sw.vtx
hl2\models\Gibs\metal_gib5.vvd
hl2\models\Gibs\Scanner_gib01.dx80.vtx
hl2\models\Gibs\Scanner_gib01.dx90.vtx
hl2\models\Gibs\Scanner_gib01.mdl
hl2\models\Gibs\Scanner_gib01.phy
hl2\models\Gibs\Scanner_gib01.sw.vtx
hl2\models\Gibs\Scanner_gib01.vvd
hl2\models\Gibs\Scanner_gib02.dx80.vtx
hl2\models\Gibs\Scanner_gib02.dx90.vtx
hl2\models\Gibs\Scanner_gib02.mdl
hl2\models\Gibs\Scanner_gib02.phy
hl2\models\Gibs\Scanner_gib02.sw.vtx
hl2\models\Gibs\Scanner_gib02.vvd
hl2\models\Gibs\Scanner_gib04.dx80.vtx
hl2\models\Gibs\Scanner_gib04.dx90.vtx
hl2\models\Gibs\Scanner_gib04.mdl
hl2\models\Gibs\Scanner_gib04.phy
hl2\models\Gibs\Scanner_gib04.sw.vtx
hl2\models\Gibs\Scanner_gib04.vvd
hl2\models\Gibs\Scanner_gib05.dx80.vtx
hl2\models\Gibs\Scanner_gib05.dx90.vtx
hl2\models\Gibs\Scanner_gib05.mdl
hl2\models\Gibs\Scanner_gib05.phy
hl2\models\Gibs\Scanner_gib05.sw.vtx
hl2\models\Gibs\Scanner_gib05.vvd
hl2\models\Gibs\Shield_Scanner_Gib1.dx80.vtx
hl2\models\Gibs\Shield_Scanner_Gib1.dx90.vtx
hl2\models\Gibs\Shield_Scanner_Gib1.mdl
hl2\models\Gibs\Shield_Scanner_Gib1.phy
hl2\models\Gibs\Shield_Scanner_Gib1.sw.vtx
hl2\models\Gibs\Shield_Scanner_Gib1.vvd
hl2\models\Gibs\Shield_Scanner_Gib2.dx80.vtx
hl2\models\Gibs\Shield_Scanner_Gib2.dx90.vtx
hl2\models\Gibs\Shield_Scanner_Gib2.mdl
hl2\models\Gibs\Shield_Scanner_Gib2.phy
hl2\models\Gibs\Shield_Scanner_Gib2.sw.vtx
hl2\models\Gibs\Shield_Scanner_Gib2.vvd
hl2\models\Gibs\Shield_Scanner_Gib3.dx80.vtx
hl2\models\Gibs\Shield_Scanner_Gib3.dx90.vtx
hl2\models\Gibs\Shield_Scanner_Gib3.mdl
hl2\models\Gibs\Shield_Scanner_Gib3.phy
hl2\models\Gibs\Shield_Scanner_Gib3.sw.vtx
hl2\models\Gibs\Shield_Scanner_Gib3.vvd
hl2\models\Gibs\Shield_Scanner_Gib4.dx80.vtx
hl2\models\Gibs\Shield_Scanner_Gib4.dx90.vtx
hl2\models\Gibs\Shield_Scanner_Gib4.mdl
hl2\models\Gibs\Shield_Scanner_Gib4.phy
hl2\models\Gibs\Shield_Scanner_Gib4.sw.vtx
hl2\models\Gibs\Shield_Scanner_Gib4.vvd
hl2\models\Gibs\Shield_Scanner_Gib5.dx80.vtx
hl2\models\Gibs\Shield_Scanner_Gib5.dx90.vtx
hl2\models\Gibs\Shield_Scanner_Gib5.mdl
hl2\models\Gibs\Shield_Scanner_Gib5.phy
hl2\models\Gibs\Shield_Scanner_Gib5.sw.vtx
hl2\models\Gibs\Shield_Scanner_Gib5.vvd
hl2\models\Gibs\Shield_Scanner_Gib6.dx80.vtx
hl2\models\Gibs\Shield_Scanner_Gib6.dx90.vtx
hl2\models\Gibs\Shield_Scanner_Gib6.mdl
hl2\models\Gibs\Shield_Scanner_Gib6.phy
hl2\models\Gibs\Shield_Scanner_Gib6.sw.vtx
hl2\models\Gibs\Shield_Scanner_Gib6.vvd
hl2\models\Gibs\Strider_Back_Leg.dx80.vtx
hl2\models\Gibs\Strider_Back_Leg.dx90.vtx
hl2\models\Gibs\Strider_Back_Leg.mdl
hl2\models\Gibs\Strider_Back_Leg.phy
hl2\models\Gibs\Strider_Back_Leg.sw.vtx
hl2\models\Gibs\Strider_Back_Leg.vvd
hl2\models\Gibs\Strider_Gib1.dx80.vtx
hl2\models\Gibs\Strider_Gib1.dx90.vtx
hl2\models\Gibs\Strider_Gib1.mdl
hl2\models\Gibs\Strider_Gib1.phy
hl2\models\Gibs\Strider_Gib1.sw.vtx
hl2\models\Gibs\Strider_Gib1.vvd
hl2\models\Gibs\Strider_Gib2.dx80.vtx
hl2\models\Gibs\Strider_Gib2.dx90.vtx
hl2\models\Gibs\Strider_Gib2.mdl
hl2\models\Gibs\Strider_Gib2.phy
hl2\models\Gibs\Strider_Gib2.sw.vtx
hl2\models\Gibs\Strider_Gib2.vvd
hl2\models\Gibs\Strider_Gib3.dx80.vtx
hl2\models\Gibs\Strider_Gib3.dx90.vtx
hl2\models\Gibs\Strider_Gib3.mdl
hl2\models\Gibs\Strider_Gib3.phy
hl2\models\Gibs\Strider_Gib3.sw.vtx
hl2\models\Gibs\Strider_Gib3.vvd
hl2\models\Gibs\Strider_Gib4.dx80.vtx
hl2\models\Gibs\Strider_Gib4.dx90.vtx
hl2\models\Gibs\Strider_Gib4.mdl
hl2\models\Gibs\Strider_Gib4.phy
hl2\models\Gibs\Strider_Gib4.sw.vtx
hl2\models\Gibs\Strider_Gib4.vvd
hl2\models\Gibs\Strider_Gib5.dx80.vtx
hl2\models\Gibs\Strider_Gib5.dx90.vtx
hl2\models\Gibs\Strider_Gib5.mdl
hl2\models\Gibs\Strider_Gib5.phy
hl2\models\Gibs\Strider_Gib5.sw.vtx
hl2\models\Gibs\Strider_Gib5.vvd
hl2\models\Gibs\Strider_Gib6.dx80.vtx
hl2\models\Gibs\Strider_Gib6.dx90.vtx
hl2\models\Gibs\Strider_Gib6.mdl
hl2\models\Gibs\Strider_Gib6.phy
hl2\models\Gibs\Strider_Gib6.sw.vtx
hl2\models\Gibs\Strider_Gib6.vvd
hl2\models\Gibs\Strider_Gib7.dx80.vtx
hl2\models\Gibs\Strider_Gib7.dx90.vtx
hl2\models\Gibs\Strider_Gib7.mdl
hl2\models\Gibs\Strider_Gib7.phy
hl2\models\Gibs\Strider_Gib7.sw.vtx
hl2\models\Gibs\Strider_Gib7.vvd
hl2\models\Gibs\Strider_Head.dx80.vtx
hl2\models\Gibs\Strider_Head.dx90.vtx
hl2\models\Gibs\Strider_Head.mdl
hl2\models\Gibs\Strider_Head.phy
hl2\models\Gibs\Strider_Head.sw.vtx
hl2\models\Gibs\Strider_Head.vvd
hl2\models\Gibs\Strider_Left_Leg.dx80.vtx
hl2\models\Gibs\Strider_Left_Leg.dx90.vtx
hl2\models\Gibs\Strider_Left_Leg.mdl
hl2\models\Gibs\Strider_Left_Leg.phy
hl2\models\Gibs\Strider_Left_Leg.sw.vtx
hl2\models\Gibs\Strider_Left_Leg.vvd
hl2\models\Gibs\Strider_Right_Leg.dx80.vtx
hl2\models\Gibs\Strider_Right_Leg.dx90.vtx
hl2\models\Gibs\Strider_Right_Leg.mdl
hl2\models\Gibs\Strider_Right_Leg.phy
hl2\models\Gibs\Strider_Right_Leg.sw.vtx
hl2\models\Gibs\Strider_Right_Leg.vvd
hl2\models\Gibs\Strider_Weapon.dx80.vtx
hl2\models\Gibs\Strider_Weapon.dx90.vtx
hl2\models\Gibs\Strider_Weapon.mdl
hl2\models\Gibs\Strider_Weapon.phy
hl2\models\Gibs\Strider_Weapon.sw.vtx
hl2\models\Gibs\Strider_Weapon.vvd
hl2\models\Gibs\wood_gib01a.dx80.vtx
hl2\models\Gibs\wood_gib01a.dx90.vtx
hl2\models\Gibs\wood_gib01a.mdl
hl2\models\Gibs\wood_gib01a.phy
hl2\models\Gibs\wood_gib01a.sw.vtx
hl2\models\Gibs\wood_gib01a.vvd
hl2\models\Gibs\wood_gib01b.dx80.vtx
hl2\models\Gibs\wood_gib01b.dx90.vtx
hl2\models\Gibs\wood_gib01b.mdl
hl2\models\Gibs\wood_gib01b.phy
hl2\models\Gibs\wood_gib01b.sw.vtx
hl2\models\Gibs\wood_gib01b.vvd
hl2\models\Gibs\wood_gib01c.dx80.vtx
hl2\models\Gibs\wood_gib01c.dx90.vtx
hl2\models\Gibs\wood_gib01c.mdl
hl2\models\Gibs\wood_gib01c.phy
hl2\models\Gibs\wood_gib01c.sw.vtx
hl2\models\Gibs\wood_gib01c.vvd
hl2\models\Gibs\wood_gib01d.dx80.vtx
hl2\models\Gibs\wood_gib01d.dx90.vtx
hl2\models\Gibs\wood_gib01d.mdl
hl2\models\Gibs\wood_gib01d.phy
hl2\models\Gibs\wood_gib01d.sw.vtx
hl2\models\Gibs\wood_gib01d.vvd
hl2\models\Gibs\wood_gib01e.dx80.vtx
hl2\models\Gibs\wood_gib01e.dx90.vtx
hl2\models\Gibs\wood_gib01e.mdl
hl2\models\Gibs\wood_gib01e.phy
hl2\models\Gibs\wood_gib01e.sw.vtx
hl2\models\Gibs\wood_gib01e.vvd
hl2\models\Humans\Group01\Female_01.dx80.vtx
hl2\models\Humans\Group01\Female_01.dx90.vtx
hl2\models\Humans\Group01\Female_01.mdl
hl2\models\Humans\Group01\Female_01.phy
hl2\models\Humans\Group01\Female_01.sw.vtx
hl2\models\Humans\Group01\Female_01.vvd
hl2\models\Humans\Group01\Female_02.dx80.vtx
hl2\models\Humans\Group01\Female_02.dx90.vtx
hl2\models\Humans\Group01\Female_02.mdl
hl2\models\Humans\Group01\Female_02.phy
hl2\models\Humans\Group01\Female_02.sw.vtx
hl2\models\Humans\Group01\Female_02.vvd
hl2\models\Humans\Group01\Female_03.dx80.vtx
hl2\models\Humans\Group01\Female_03.dx90.vtx
hl2\models\Humans\Group01\Female_03.mdl
hl2\models\Humans\Group01\Female_03.phy
hl2\models\Humans\Group01\Female_03.sw.vtx
hl2\models\Humans\Group01\Female_03.vvd
hl2\models\Humans\Group01\Female_04.dx80.vtx
hl2\models\Humans\Group01\Female_04.dx90.vtx
hl2\models\Humans\Group01\Female_04.mdl
hl2\models\Humans\Group01\Female_04.phy
hl2\models\Humans\Group01\Female_04.sw.vtx
hl2\models\Humans\Group01\Female_04.vvd
hl2\models\Humans\Group01\Female_06.dx80.vtx
hl2\models\Humans\Group01\Female_06.dx90.vtx
hl2\models\Humans\Group01\Female_06.mdl
hl2\models\Humans\Group01\Female_06.phy
hl2\models\Humans\Group01\Female_06.sw.vtx
hl2\models\Humans\Group01\Female_06.vvd
hl2\models\Humans\Group01\Female_07.dx80.vtx
hl2\models\Humans\Group01\Female_07.dx90.vtx
hl2\models\Humans\Group01\Female_07.mdl
hl2\models\Humans\Group01\Female_07.phy
hl2\models\Humans\Group01\Female_07.sw.vtx
hl2\models\Humans\Group01\Female_07.vvd
hl2\models\Humans\Group01\Male_01.dx80.vtx
hl2\models\Humans\Group01\Male_01.dx90.vtx
hl2\models\Humans\Group01\Male_01.mdl
hl2\models\Humans\Group01\Male_01.phy
hl2\models\Humans\Group01\Male_01.sw.vtx
hl2\models\Humans\Group01\Male_01.vvd
hl2\models\Humans\Group01\male_02.dx80.vtx
hl2\models\Humans\Group01\male_02.dx90.vtx
hl2\models\Humans\Group01\male_02.mdl
hl2\models\Humans\Group01\male_02.phy
hl2\models\Humans\Group01\male_02.sw.vtx
hl2\models\Humans\Group01\male_02.vvd
hl2\models\Humans\Group01\male_03.dx80.vtx
hl2\models\Humans\Group01\male_03.dx90.vtx
hl2\models\Humans\Group01\male_03.mdl
hl2\models\Humans\Group01\male_03.phy
hl2\models\Humans\Group01\male_03.sw.vtx
hl2\models\Humans\Group01\male_03.vvd
hl2\models\Humans\Group01\Male_04.dx80.vtx
hl2\models\Humans\Group01\Male_04.dx90.vtx
hl2\models\Humans\Group01\Male_04.mdl
hl2\models\Humans\Group01\Male_04.phy
hl2\models\Humans\Group01\Male_04.sw.vtx
hl2\models\Humans\Group01\Male_04.vvd
hl2\models\Humans\Group01\Male_05.dx80.vtx
hl2\models\Humans\Group01\Male_05.dx90.vtx
hl2\models\Humans\Group01\Male_05.mdl
hl2\models\Humans\Group01\Male_05.phy
hl2\models\Humans\Group01\Male_05.sw.vtx
hl2\models\Humans\Group01\Male_05.vvd
hl2\models\Humans\Group01\male_06.dx80.vtx
hl2\models\Humans\Group01\male_06.dx90.vtx
hl2\models\Humans\Group01\male_06.mdl
hl2\models\Humans\Group01\male_06.phy
hl2\models\Humans\Group01\male_06.sw.vtx
hl2\models\Humans\Group01\male_06.vvd
hl2\models\Humans\Group01\male_07.dx80.vtx
hl2\models\Humans\Group01\male_07.dx90.vtx
hl2\models\Humans\Group01\male_07.mdl
hl2\models\Humans\Group01\male_07.phy
hl2\models\Humans\Group01\male_07.sw.vtx
hl2\models\Humans\Group01\male_07.vvd
hl2\models\Humans\Group01\male_08.dx80.vtx
hl2\models\Humans\Group01\male_08.dx90.vtx
hl2\models\Humans\Group01\male_08.mdl
hl2\models\Humans\Group01\male_08.phy
hl2\models\Humans\Group01\male_08.sw.vtx
hl2\models\Humans\Group01\male_08.vvd
hl2\models\Humans\Group01\male_09.dx80.vtx
hl2\models\Humans\Group01\male_09.dx90.vtx
hl2\models\Humans\Group01\male_09.mdl
hl2\models\Humans\Group01\male_09.phy
hl2\models\Humans\Group01\male_09.sw.vtx
hl2\models\Humans\Group01\male_09.vvd
hl2\models\Humans\Group01\Male_Cheaple.dx80.vtx
hl2\models\Humans\Group01\Male_Cheaple.dx90.vtx
hl2\models\Humans\Group01\Male_Cheaple.mdl
hl2\models\Humans\Group01\Male_Cheaple.phy
hl2\models\Humans\Group01\Male_Cheaple.sw.vtx
hl2\models\Humans\Group01\Male_Cheaple.vvd
hl2\models\Humans\Group02\Female_01.dx80.vtx
hl2\models\Humans\Group02\Female_01.dx90.vtx
hl2\models\Humans\Group02\Female_01.mdl
hl2\models\Humans\Group02\Female_01.phy
hl2\models\Humans\Group02\Female_01.sw.vtx
hl2\models\Humans\Group02\Female_01.vvd
hl2\models\Humans\Group02\Female_02.dx80.vtx
hl2\models\Humans\Group02\Female_02.dx90.vtx
hl2\models\Humans\Group02\Female_02.mdl
hl2\models\Humans\Group02\Female_02.phy
hl2\models\Humans\Group02\Female_02.sw.vtx
hl2\models\Humans\Group02\Female_02.vvd
hl2\models\Humans\Group02\Female_03.dx80.vtx
hl2\models\Humans\Group02\Female_03.dx90.vtx
hl2\models\Humans\Group02\Female_03.mdl
hl2\models\Humans\Group02\Female_03.phy
hl2\models\Humans\Group02\Female_03.sw.vtx
hl2\models\Humans\Group02\Female_03.vvd
hl2\models\Humans\Group02\Female_04.dx80.vtx
hl2\models\Humans\Group02\Female_04.dx90.vtx
hl2\models\Humans\Group02\Female_04.mdl
hl2\models\Humans\Group02\Female_04.phy
hl2\models\Humans\Group02\Female_04.sw.vtx
hl2\models\Humans\Group02\Female_04.vvd
hl2\models\Humans\Group02\Female_06.dx80.vtx
hl2\models\Humans\Group02\Female_06.dx90.vtx
hl2\models\Humans\Group02\Female_06.mdl
hl2\models\Humans\Group02\Female_06.phy
hl2\models\Humans\Group02\Female_06.sw.vtx
hl2\models\Humans\Group02\Female_06.vvd
hl2\models\Humans\Group02\Female_07.dx80.vtx
hl2\models\Humans\Group02\Female_07.dx90.vtx
hl2\models\Humans\Group02\Female_07.mdl
hl2\models\Humans\Group02\Female_07.phy
hl2\models\Humans\Group02\Female_07.sw.vtx
hl2\models\Humans\Group02\Female_07.vvd
hl2\models\Humans\Group02\Male_01.dx80.vtx
hl2\models\Humans\Group02\Male_01.dx90.vtx
hl2\models\Humans\Group02\Male_01.mdl
hl2\models\Humans\Group02\Male_01.phy
hl2\models\Humans\Group02\Male_01.sw.vtx
hl2\models\Humans\Group02\Male_01.vvd
hl2\models\Humans\Group02\male_02.dx80.vtx
hl2\models\Humans\Group02\male_02.dx90.vtx
hl2\models\Humans\Group02\male_02.mdl
hl2\models\Humans\Group02\male_02.phy
hl2\models\Humans\Group02\male_02.sw.vtx
hl2\models\Humans\Group02\male_02.vvd
hl2\models\Humans\Group02\male_03.dx80.vtx
hl2\models\Humans\Group02\male_03.dx90.vtx
hl2\models\Humans\Group02\male_03.mdl
hl2\models\Humans\Group02\male_03.phy
hl2\models\Humans\Group02\male_03.sw.vtx
hl2\models\Humans\Group02\male_03.vvd
hl2\models\Humans\Group02\Male_04.dx80.vtx
hl2\models\Humans\Group02\Male_04.dx90.vtx
hl2\models\Humans\Group02\Male_04.mdl
hl2\models\Humans\Group02\Male_04.phy
hl2\models\Humans\Group02\Male_04.sw.vtx
hl2\models\Humans\Group02\Male_04.vvd
hl2\models\Humans\Group02\Male_05.dx80.vtx
hl2\models\Humans\Group02\Male_05.dx90.vtx
hl2\models\Humans\Group02\Male_05.mdl
hl2\models\Humans\Group02\Male_05.phy
hl2\models\Humans\Group02\Male_05.sw.vtx
hl2\models\Humans\Group02\Male_05.vvd
hl2\models\Humans\Group02\male_06.dx80.vtx
hl2\models\Humans\Group02\male_06.dx90.vtx
hl2\models\Humans\Group02\male_06.mdl
hl2\models\Humans\Group02\male_06.phy
hl2\models\Humans\Group02\male_06.sw.vtx
hl2\models\Humans\Group02\male_06.vvd
hl2\models\Humans\Group02\male_07.dx80.vtx
hl2\models\Humans\Group02\male_07.dx90.vtx
hl2\models\Humans\Group02\male_07.mdl
hl2\models\Humans\Group02\male_07.phy
hl2\models\Humans\Group02\male_07.sw.vtx
hl2\models\Humans\Group02\male_07.vvd
hl2\models\Humans\Group02\male_08.dx80.vtx
hl2\models\Humans\Group02\male_08.dx90.vtx
hl2\models\Humans\Group02\male_08.mdl
hl2\models\Humans\Group02\male_08.phy
hl2\models\Humans\Group02\male_08.sw.vtx
hl2\models\Humans\Group02\male_08.vvd
hl2\models\Humans\Group02\male_09.dx80.vtx
hl2\models\Humans\Group02\male_09.dx90.vtx
hl2\models\Humans\Group02\male_09.mdl
hl2\models\Humans\Group02\male_09.phy
hl2\models\Humans\Group02\male_09.sw.vtx
hl2\models\Humans\Group02\male_09.vvd
hl2\models\Humans\Group03\Female_01.dx80.vtx
hl2\models\Humans\Group03\Female_01.dx90.vtx
hl2\models\Humans\Group03\Female_01.mdl
hl2\models\Humans\Group03\Female_01.phy
hl2\models\Humans\Group03\Female_01.sw.vtx
hl2\models\Humans\Group03\Female_01.vvd
hl2\models\Humans\Group03\Female_01_bloody.dx80.vtx
hl2\models\Humans\Group03\Female_01_bloody.dx90.vtx
hl2\models\Humans\Group03\Female_01_bloody.mdl
hl2\models\Humans\Group03\Female_01_bloody.phy
hl2\models\Humans\Group03\Female_01_bloody.sw.vtx
hl2\models\Humans\Group03\Female_01_bloody.vvd
hl2\models\Humans\Group03\Female_02.dx80.vtx
hl2\models\Humans\Group03\Female_02.dx90.vtx
hl2\models\Humans\Group03\Female_02.mdl
hl2\models\Humans\Group03\Female_02.phy
hl2\models\Humans\Group03\Female_02.sw.vtx
hl2\models\Humans\Group03\Female_02.vvd
hl2\models\Humans\Group03\Female_02_bloody.dx80.vtx
hl2\models\Humans\Group03\Female_02_bloody.dx90.vtx
hl2\models\Humans\Group03\Female_02_bloody.mdl
hl2\models\Humans\Group03\Female_02_bloody.phy
hl2\models\Humans\Group03\Female_02_bloody.sw.vtx
hl2\models\Humans\Group03\Female_02_bloody.vvd
hl2\models\Humans\Group03\Female_03.dx80.vtx
hl2\models\Humans\Group03\Female_03.dx90.vtx
hl2\models\Humans\Group03\Female_03.mdl
hl2\models\Humans\Group03\Female_03.phy
hl2\models\Humans\Group03\Female_03.sw.vtx
hl2\models\Humans\Group03\Female_03.vvd
hl2\models\Humans\Group03\Female_03_bloody.dx80.vtx
hl2\models\Humans\Group03\Female_03_bloody.dx90.vtx
hl2\models\Humans\Group03\Female_03_bloody.mdl
hl2\models\Humans\Group03\Female_03_bloody.phy
hl2\models\Humans\Group03\Female_03_bloody.sw.vtx
hl2\models\Humans\Group03\Female_03_bloody.vvd
hl2\models\Humans\Group03\Female_04.dx80.vtx
hl2\models\Humans\Group03\Female_04.dx90.vtx
hl2\models\Humans\Group03\Female_04.mdl
hl2\models\Humans\Group03\Female_04.phy
hl2\models\Humans\Group03\Female_04.sw.vtx
hl2\models\Humans\Group03\Female_04.vvd
hl2\models\Humans\Group03\Female_04_bloody.dx80.vtx
hl2\models\Humans\Group03\Female_04_bloody.dx90.vtx
hl2\models\Humans\Group03\Female_04_bloody.mdl
hl2\models\Humans\Group03\Female_04_bloody.phy
hl2\models\Humans\Group03\Female_04_bloody.sw.vtx
hl2\models\Humans\Group03\Female_04_bloody.vvd
hl2\models\Humans\Group03\Female_06.dx80.vtx
hl2\models\Humans\Group03\Female_06.dx90.vtx
hl2\models\Humans\Group03\Female_06.mdl
hl2\models\Humans\Group03\Female_06.phy
hl2\models\Humans\Group03\Female_06.sw.vtx
hl2\models\Humans\Group03\Female_06.vvd
hl2\models\Humans\Group03\Female_06_bloody.dx80.vtx
hl2\models\Humans\Group03\Female_06_bloody.dx90.vtx
hl2\models\Humans\Group03\Female_06_bloody.mdl
hl2\models\Humans\Group03\Female_06_bloody.phy
hl2\models\Humans\Group03\Female_06_bloody.sw.vtx
hl2\models\Humans\Group03\Female_06_bloody.vvd
hl2\models\Humans\Group03\Female_07.dx80.vtx
hl2\models\Humans\Group03\Female_07.dx90.vtx
hl2\models\Humans\Group03\Female_07.mdl
hl2\models\Humans\Group03\Female_07.phy
hl2\models\Humans\Group03\Female_07.sw.vtx
hl2\models\Humans\Group03\Female_07.vvd
hl2\models\Humans\Group03\Female_07_bloody.dx80.vtx
hl2\models\Humans\Group03\Female_07_bloody.dx90.vtx
hl2\models\Humans\Group03\Female_07_bloody.mdl
hl2\models\Humans\Group03\Female_07_bloody.phy
hl2\models\Humans\Group03\Female_07_bloody.sw.vtx
hl2\models\Humans\Group03\Female_07_bloody.vvd
hl2\models\Humans\Group03\Male_01.dx80.vtx
hl2\models\Humans\Group03\Male_01.dx90.vtx
hl2\models\Humans\Group03\Male_01.mdl
hl2\models\Humans\Group03\Male_01.phy
hl2\models\Humans\Group03\Male_01.sw.vtx
hl2\models\Humans\Group03\Male_01.vvd
hl2\models\Humans\Group03\Male_01_bloody.dx80.vtx
hl2\models\Humans\Group03\Male_01_bloody.dx90.vtx
hl2\models\Humans\Group03\Male_01_bloody.mdl
hl2\models\Humans\Group03\Male_01_bloody.phy
hl2\models\Humans\Group03\Male_01_bloody.sw.vtx
hl2\models\Humans\Group03\Male_01_bloody.vvd
hl2\models\Humans\Group03\male_02.dx80.vtx
hl2\models\Humans\Group03\male_02.dx90.vtx
hl2\models\Humans\Group03\male_02.mdl
hl2\models\Humans\Group03\male_02.phy
hl2\models\Humans\Group03\male_02.sw.vtx
hl2\models\Humans\Group03\male_02.vvd
hl2\models\Humans\Group03\male_02_bloody.dx80.vtx
hl2\models\Humans\Group03\male_02_bloody.dx90.vtx
hl2\models\Humans\Group03\male_02_bloody.mdl
hl2\models\Humans\Group03\male_02_bloody.phy
hl2\models\Humans\Group03\male_02_bloody.sw.vtx
hl2\models\Humans\Group03\male_02_bloody.vvd
hl2\models\Humans\Group03\male_03.dx80.vtx
hl2\models\Humans\Group03\male_03.dx90.vtx
hl2\models\Humans\Group03\male_03.mdl
hl2\models\Humans\Group03\male_03.phy
hl2\models\Humans\Group03\male_03.sw.vtx
hl2\models\Humans\Group03\male_03.vvd
hl2\models\Humans\Group03\male_03_bloody.dx80.vtx
hl2\models\Humans\Group03\male_03_bloody.dx90.vtx
hl2\models\Humans\Group03\male_03_bloody.mdl
hl2\models\Humans\Group03\male_03_bloody.phy
hl2\models\Humans\Group03\male_03_bloody.sw.vtx
hl2\models\Humans\Group03\male_03_bloody.vvd
hl2\models\Humans\Group03\Male_04.dx80.vtx
hl2\models\Humans\Group03\Male_04.dx90.vtx
hl2\models\Humans\Group03\Male_04.mdl
hl2\models\Humans\Group03\Male_04.phy
hl2\models\Humans\Group03\Male_04.sw.vtx
hl2\models\Humans\Group03\Male_04.vvd
hl2\models\Humans\Group03\Male_04_bloody.dx80.vtx
hl2\models\Humans\Group03\Male_04_bloody.dx90.vtx
hl2\models\Humans\Group03\Male_04_bloody.mdl
hl2\models\Humans\Group03\Male_04_bloody.phy
hl2\models\Humans\Group03\Male_04_bloody.sw.vtx
hl2\models\Humans\Group03\Male_04_bloody.vvd
hl2\models\Humans\Group03\Male_05.dx80.vtx
hl2\models\Humans\Group03\Male_05.dx90.vtx
hl2\models\Humans\Group03\Male_05.mdl
hl2\models\Humans\Group03\Male_05.phy
hl2\models\Humans\Group03\Male_05.sw.vtx
hl2\models\Humans\Group03\Male_05.vvd
hl2\models\Humans\Group03\Male_05_bloody.dx80.vtx
hl2\models\Humans\Group03\Male_05_bloody.dx90.vtx
hl2\models\Humans\Group03\Male_05_bloody.mdl
hl2\models\Humans\Group03\Male_05_bloody.phy
hl2\models\Humans\Group03\Male_05_bloody.sw.vtx
hl2\models\Humans\Group03\Male_05_bloody.vvd
hl2\models\Humans\Group03\male_06.dx80.vtx
hl2\models\Humans\Group03\male_06.dx90.vtx
hl2\models\Humans\Group03\male_06.mdl
hl2\models\Humans\Group03\male_06.phy
hl2\models\Humans\Group03\male_06.sw.vtx
hl2\models\Humans\Group03\male_06.vvd
hl2\models\Humans\Group03\male_06_bloody.dx80.vtx
hl2\models\Humans\Group03\male_06_bloody.dx90.vtx
hl2\models\Humans\Group03\male_06_bloody.mdl
hl2\models\Humans\Group03\male_06_bloody.phy
hl2\models\Humans\Group03\male_06_bloody.sw.vtx
hl2\models\Humans\Group03\male_06_bloody.vvd
hl2\models\Humans\Group03\male_07.dx80.vtx
hl2\models\Humans\Group03\male_07.dx90.vtx
hl2\models\Humans\Group03\male_07.mdl
hl2\models\Humans\Group03\male_07.phy
hl2\models\Humans\Group03\male_07.sw.vtx
hl2\models\Humans\Group03\male_07.vvd
hl2\models\Humans\Group03\male_07_bloody.dx80.vtx
hl2\models\Humans\Group03\male_07_bloody.dx90.vtx
hl2\models\Humans\Group03\male_07_bloody.mdl
hl2\models\Humans\Group03\male_07_bloody.phy
hl2\models\Humans\Group03\male_07_bloody.sw.vtx
hl2\models\Humans\Group03\male_07_bloody.vvd
hl2\models\Humans\Group03\male_08.dx80.vtx
hl2\models\Humans\Group03\male_08.dx90.vtx
hl2\models\Humans\Group03\male_08.mdl
hl2\models\Humans\Group03\male_08.phy
hl2\models\Humans\Group03\male_08.sw.vtx
hl2\models\Humans\Group03\male_08.vvd
hl2\models\Humans\Group03\male_08_bloody.dx80.vtx
hl2\models\Humans\Group03\male_08_bloody.dx90.vtx
hl2\models\Humans\Group03\male_08_bloody.mdl
hl2\models\Humans\Group03\male_08_bloody.phy
hl2\models\Humans\Group03\male_08_bloody.sw.vtx
hl2\models\Humans\Group03\male_08_bloody.vvd
hl2\models\Humans\Group03\male_09.dx80.vtx
hl2\models\Humans\Group03\male_09.dx90.vtx
hl2\models\Humans\Group03\male_09.mdl
hl2\models\Humans\Group03\male_09.phy
hl2\models\Humans\Group03\male_09.sw.vtx
hl2\models\Humans\Group03\male_09.vvd
hl2\models\Humans\Group03\male_09_bloody.dx80.vtx
hl2\models\Humans\Group03\male_09_bloody.dx90.vtx
hl2\models\Humans\Group03\male_09_bloody.mdl
hl2\models\Humans\Group03\male_09_bloody.phy
hl2\models\Humans\Group03\male_09_bloody.sw.vtx
hl2\models\Humans\Group03\male_09_bloody.vvd
hl2\models\Humans\Group03m\male_09.phy
hl2\models\Humans\Group03m\male_09.sw.vtx
hl2\models\Humans\Group03m\male_09.vvd
hl2\models\Humans\female_gestures.ani
hl2\models\Humans\female_gestures.mdl
hl2\models\Humans\female_postures.ani
hl2\models\Humans\female_postures.mdl
hl2\models\Humans\female_shared.ani
hl2\models\Humans\female_shared.mdl
hl2\models\Humans\female_ss.ani
hl2\models\Humans\female_ss.mdl
hl2\models\Humans\male_gestures.ani
hl2\models\Humans\male_gestures.mdl
hl2\models\Humans\male_postures.ani
hl2\models\Humans\male_postures.mdl
hl2\models\Humans\male_shared.ani
hl2\models\Humans\male_shared.mdl
hl2\models\Humans\male_ss.ani
hl2\models\Humans\male_ss.mdl
hl2\models\Items\combine_rifle_ammo01.dx80.vtx
hl2\models\Items\combine_rifle_ammo01.dx90.vtx
hl2\models\Items\combine_rifle_ammo01.mdl
hl2\models\Items\combine_rifle_ammo01.phy
hl2\models\Items\combine_rifle_ammo01.sw.vtx
hl2\models\Items\combine_rifle_ammo01.vvd
hl2\models\props_c17\Awning001a.dx80.vtx
hl2\models\props_c17\Awning001a.dx90.vtx
hl2\models\props_c17\Awning001a.mdl
hl2\models\props_c17\Awning001a.phy
hl2\models\props_c17\Awning001a.sw.vtx
hl2\models\props_c17\Awning001a.vvd
hl2\models\props_c17\Awning002a.dx80.vtx
hl2\models\props_c17\Awning002a.dx90.vtx
hl2\models\props_c17\Awning002a.mdl
hl2\models\props_c17\Awning002a.phy
hl2\models\props_c17\Awning002a.sw.vtx
hl2\models\props_c17\Awning002a.vvd
hl2\models\props_c17\canister02a.dx80.vtx
hl2\models\props_c17\canister02a.dx90.vtx
hl2\models\props_c17\canister02a.mdl
hl2\models\props_c17\canister02a.phy
hl2\models\props_c17\canister02a.sw.vtx
hl2\models\props_c17\canister02a.vvd
hl2\models\props_c17\FurnitureShelf002a.dx80.vtx
hl2\models\props_c17\FurnitureShelf002a.dx90.vtx
hl2\models\props_c17\FurnitureShelf002a.mdl
hl2\models\props_c17\FurnitureShelf002a.phy
hl2\models\props_c17\FurnitureShelf002a.sw.vtx
hl2\models\props_c17\FurnitureShelf002a.vvd
hl2\models\props_c17\FurnitureTable003a.dx80.vtx
hl2\models\props_c17\FurnitureTable003a.dx90.vtx
hl2\models\props_c17\FurnitureTable003a.mdl
hl2\models\props_c17\FurnitureTable003a.phy
hl2\models\props_c17\FurnitureTable003a.sw.vtx
hl2\models\props_c17\FurnitureTable003a.vvd
hl2\models\props_combine\breen_arm.ani
hl2\models\props_combine\breen_arm.dx80.vtx
hl2\models\props_combine\breen_arm.dx90.vtx
hl2\models\props_combine\breen_arm.mdl
hl2\models\props_combine\breen_arm.sw.vtx
hl2\models\props_combine\breen_arm.vvd
hl2\models\props_combine\Citadel_pods.ani
hl2\models\props_combine\Citadel_pods.dx80.vtx
hl2\models\props_combine\Citadel_pods.dx90.vtx
hl2\models\props_combine\Citadel_pods.mdl
hl2\models\props_combine\Citadel_pods.sw.vtx
hl2\models\props_combine\Citadel_pods.vvd
hl2\models\props_combine\Combine_Citadel_animated.ani
hl2\models\props_combine\Combine_Citadel_animated.dx80.vtx
hl2\models\props_combine\Combine_Citadel_animated.dx90.vtx
hl2\models\props_combine\Combine_Citadel_animated.mdl
hl2\models\props_combine\Combine_Citadel_animated.sw.vtx
hl2\models\props_combine\Combine_Citadel_animated.vvd
hl2\models\props_combine\combinetower001.dx80.vtx
hl2\models\props_combine\combinetower001.dx90.vtx
hl2\models\props_combine\combinetower001.mdl
hl2\models\props_combine\combinetower001.phy
hl2\models\props_combine\combinetower001.sw.vtx
hl2\models\props_combine\combinetower001.vvd
hl2\models\props_combine\health_charger001.dx80.vtx
hl2\models\props_combine\health_charger001.dx90.vtx
hl2\models\props_combine\health_charger001.mdl
hl2\models\props_combine\health_charger001.phy
hl2\models\props_combine\health_charger001.sw.vtx
hl2\models\props_combine\health_charger001.vvd
hl2\models\props_combine\Pod_Extractor.ani
hl2\models\props_combine\Pod_Extractor.dx80.vtx
hl2\models\props_combine\Pod_Extractor.dx90.vtx
hl2\models\props_combine\Pod_Extractor.mdl
hl2\models\props_combine\Pod_Extractor.sw.vtx
hl2\models\props_combine\Pod_Extractor.vvd
hl2\models\props_debris\walldestroyed09a.dx80.vtx
hl2\models\props_debris\walldestroyed09a.dx90.vtx
hl2\models\props_debris\walldestroyed09a.mdl
hl2\models\props_debris\walldestroyed09a.phy
hl2\models\props_debris\walldestroyed09a.sw.vtx
hl2\models\props_debris\walldestroyed09a.vvd
hl2\models\props_debris\walldestroyed09f.dx80.vtx
hl2\models\props_debris\walldestroyed09f.dx90.vtx
hl2\models\props_debris\walldestroyed09f.mdl
hl2\models\props_debris\walldestroyed09f.phy
hl2\models\props_debris\walldestroyed09f.sw.vtx
hl2\models\props_debris\walldestroyed09f.vvd
hl2\models\props_doors\door03_slotted_left.dx80.vtx
hl2\models\props_doors\door03_slotted_left.dx90.vtx
hl2\models\props_doors\door03_slotted_left.mdl
hl2\models\props_doors\door03_slotted_left.phy
hl2\models\props_doors\door03_slotted_left.sw.vtx
hl2\models\props_doors\door03_slotted_left.vvd
hl2\models\props_lab\monitor02.dx80.vtx
hl2\models\props_lab\monitor02.dx90.vtx
hl2\models\props_lab\monitor02.mdl
hl2\models\props_lab\monitor02.phy
hl2\models\props_lab\monitor02.sw.vtx
hl2\models\props_lab\monitor02.vvd
hl2\models\props_lab\Scanner1_ScrapYard.ani
hl2\models\props_lab\Scanner1_ScrapYard.dx80.vtx
hl2\models\props_lab\Scanner1_ScrapYard.dx90.vtx
hl2\models\props_lab\Scanner1_ScrapYard.mdl
hl2\models\props_lab\Scanner1_ScrapYard.sw.vtx
hl2\models\props_lab\Scanner1_ScrapYard.vvd
hl2\models\props_lab\Scanner2_ScrapYard.ani
hl2\models\props_lab\Scanner2_ScrapYard.dx80.vtx
hl2\models\props_lab\Scanner2_ScrapYard.dx90.vtx
hl2\models\props_lab\Scanner2_ScrapYard.mdl
hl2\models\props_lab\Scanner2_ScrapYard.sw.vtx
hl2\models\props_lab\Scanner2_ScrapYard.vvd
hl2\models\props_wasteland\laundry_cart001.dx80.vtx
hl2\models\props_wasteland\laundry_cart001.dx90.vtx
hl2\models\props_wasteland\laundry_cart001.mdl
hl2\models\props_wasteland\laundry_cart001.phy
hl2\models\props_wasteland\laundry_cart001.sw.vtx
hl2\models\props_wasteland\laundry_cart001.vvd
hl2\models\props_wasteland\laundry_cart002.dx80.vtx
hl2\models\props_wasteland\laundry_cart002.dx90.vtx
hl2\models\props_wasteland\laundry_cart002.mdl
hl2\models\props_wasteland\laundry_cart002.phy
hl2\models\props_wasteland\laundry_cart002.sw.vtx
hl2\models\props_wasteland\laundry_cart002.vvd
hl2\models\props_wasteland\laundry_washer001a.vvd
hl2\models\Tools\camera\camera.dx80.vtx
hl2\models\Tools\camera\camera.dx90.vtx
hl2\models\Tools\camera\camera.mdl
hl2\models\Tools\camera\camera.sw.vtx
hl2\models\Tools\camera\camera.vvd
hl2\models\Weapons\v_357.dx80.vtx
hl2\models\Weapons\v_357.dx90.vtx
hl2\models\Weapons\v_357.mdl
hl2\models\Weapons\v_357.sw.vtx
hl2\models\Weapons\v_357.vvd
hl2\models\Weapons\v_crossbow.dx80.vtx
hl2\models\Weapons\v_crossbow.dx90.vtx
hl2\models\Weapons\v_crossbow.mdl
hl2\models\Weapons\v_crossbow.sw.vtx
hl2\models\Weapons\v_crossbow.vvd
hl2\models\Weapons\v_Grenade.dx80.vtx
hl2\models\Weapons\v_Grenade.dx90.vtx
hl2\models\Weapons\v_Grenade.mdl
hl2\models\Weapons\v_Grenade.sw.vtx
hl2\models\Weapons\v_Grenade.vvd
hl2\models\Weapons\V_hands.dx80.vtx
hl2\models\Weapons\V_hands.dx90.vtx
hl2\models\Weapons\V_hands.mdl
hl2\models\Weapons\V_hands.sw.vtx
hl2\models\Weapons\V_hands.vvd
hl2\models\Weapons\v_physcannon.dx80.vtx
hl2\models\Weapons\v_physcannon.dx90.vtx
hl2\models\Weapons\v_physcannon.mdl
hl2\models\Weapons\v_physcannon.sw.vtx
hl2\models\Weapons\v_physcannon.vvd
hl2\models\Weapons\v_Pistol.dx80.vtx
hl2\models\Weapons\v_Pistol.dx90.vtx
hl2\models\Weapons\v_Pistol.mdl
hl2\models\Weapons\v_Pistol.sw.vtx
hl2\models\Weapons\v_Pistol.vvd
hl2\models\Weapons\v_RPG.dx80.vtx
hl2\models\Weapons\v_RPG.dx90.vtx
hl2\models\Weapons\v_RPG.mdl
hl2\models\Weapons\v_RPG.sw.vtx
hl2\models\Weapons\v_RPG.vvd
hl2\models\Weapons\v_shotgun.dx80.vtx
hl2\models\Weapons\v_shotgun.dx90.vtx
hl2\models\Weapons\v_shotgun.mdl
hl2\models\Weapons\v_shotgun.sw.vtx
hl2\models\Weapons\v_shotgun.vvd
hl2\models\Weapons\v_smg1.dx80.vtx
hl2\models\Weapons\v_smg1.dx90.vtx
hl2\models\Weapons\v_smg1.mdl
hl2\models\Weapons\v_smg1.sw.vtx
hl2\models\Weapons\v_smg1.vvd
hl2\models\Weapons\v_superphyscannon.dx80.vtx
hl2\models\Weapons\v_superphyscannon.dx90.vtx
hl2\models\Weapons\v_superphyscannon.mdl
hl2\models\Weapons\v_superphyscannon.sw.vtx
hl2\models\Weapons\v_superphyscannon.vvd
hl2\models\Weapons\w_shotgun.dx80.vtx
hl2\models\Weapons\w_shotgun.dx90.vtx
hl2\models\Weapons\w_shotgun.mdl
hl2\models\Weapons\w_shotgun.phy
hl2\models\Weapons\w_shotgun.sw.vtx
hl2\models\Weapons\w_shotgun.vvd
hl2\models\Weapons\w_smg1.dx80.vtx
hl2\models\Weapons\w_smg1.dx90.vtx
hl2\models\Weapons\w_smg1.mdl
hl2\models\Weapons\w_smg1.phy
hl2\models\Weapons\w_smg1.sw.vtx
hl2\models\Weapons\w_smg1.vvd
hl2\models\Zombie\Classic.ani
hl2\models\Zombie\Classic.dx80.vtx
hl2\models\Zombie\Classic.dx90.vtx
hl2\models\Zombie\Classic.mdl
hl2\models\Zombie\Classic.phy
hl2\models\Zombie\Classic.sw.vtx
hl2\models\Zombie\Classic.vvd
hl2\models\Zombie\Classic_torso.ani
hl2\models\Zombie\Classic_torso.dx80.vtx
hl2\models\Zombie\Classic_torso.dx90.vtx
hl2\models\Zombie\Classic_torso.mdl
hl2\models\Zombie\Classic_torso.phy
hl2\models\Zombie\Classic_torso.sw.vtx
hl2\models\Zombie\Classic_torso.vvd
hl2\models\Zombie\Fast.ani
hl2\models\Zombie\Fast.dx80.vtx
hl2\models\Zombie\Fast.dx90.vtx
hl2\models\Zombie\Fast.mdl
hl2\models\Zombie\Fast.phy
hl2\models\Zombie\Fast.sw.vtx
hl2\models\Zombie\Fast.vvd
hl2\models\Zombie\Poison.ani
hl2\models\Zombie\Poison.dx80.vtx
hl2\models\Zombie\Poison.dx90.vtx
hl2\models\Zombie\Poison.mdl
hl2\models\Zombie\Poison.phy
hl2\models\Zombie\Poison.sw.vtx
hl2\models\Zombie\Poison.vvd
hl2\models\Advisor.ani
hl2\models\Advisor.dx80.vtx
hl2\models\Advisor.dx90.vtx
hl2\models\Advisor.mdl
hl2\models\Advisor.sw.vtx
hl2\models\Advisor.vvd
hl2\models\airboat.dx80.vtx
hl2\models\airboat.dx90.vtx
hl2\models\airboat.mdl
hl2\models\airboat.phy
hl2\models\airboat.sw.vtx
hl2\models\airboat.vvd
hl2\models\alyx.dx80.vtx
hl2\models\Alyx.dx90.vtx
hl2\models\alyx.mdl
hl2\models\alyx.phy
hl2\models\Alyx.sw.vtx
hl2\models\Alyx.vvd
hl2\models\Alyx_animations.ani
hl2\models\Alyx_animations.mdl
hl2\models\Alyx_gestures.ani
hl2\models\Alyx_gestures.mdl
hl2\models\Alyx_postures.ani
hl2\models\Alyx_postures.mdl
hl2\models\Antlion.ani
hl2\models\Antlion.dx80.vtx
hl2\models\Antlion.dx90.vtx
hl2\models\AntLion.mdl
hl2\models\Antlion.phy
hl2\models\Antlion.sw.vtx
hl2\models\Antlion.vvd
hl2\models\antlion_guard.ani
hl2\models\antlion_guard.dx80.vtx
hl2\models\antlion_guard.dx90.vtx
hl2\models\antlion_guard.mdl
hl2\models\antlion_guard.phy
hl2\models\antlion_guard.sw.vtx
hl2\models\antlion_guard.vvd
hl2\models\Barnacle.ani
hl2\models\Barnacle.dx80.vtx
hl2\models\Barnacle.dx90.vtx
hl2\models\Barnacle.mdl
hl2\models\Barnacle.sw.vtx
hl2\models\Barnacle.vvd
hl2\models\Barney_animations.ani
hl2\models\Barney_animations.mdl
hl2\models\Barney_gestures.ani
hl2\models\Barney_gestures.mdl
hl2\models\Barney_postures.ani
hl2\models\Barney_postures.mdl
hl2\models\breen_anims.ani
hl2\models\breen_anims.mdl
hl2\models\breen_gestures.ani
hl2\models\breen_gestures.mdl
hl2\models\breen_postures.ani
hl2\models\breen_postures.mdl
hl2\models\buggy.dx80.vtx
hl2\models\buggy.dx90.vtx
hl2\models\buggy.mdl
hl2\models\buggy.phy
hl2\models\buggy.sw.vtx
hl2\models\buggy.vvd
hl2\models\combine_apc_destroyed_gib01.dx80.vtx
hl2\models\combine_apc_destroyed_gib01.dx90.vtx
hl2\models\combine_apc_destroyed_gib01.mdl
hl2\models\combine_apc_destroyed_gib01.phy
hl2\models\combine_apc_destroyed_gib01.sw.vtx
hl2\models\combine_apc_destroyed_gib01.vvd
hl2\models\Combine_dropship_Animations.ani
hl2\models\Combine_dropship_Animations.mdl
hl2\models\Combine_Soldier.dx80.vtx
hl2\models\Combine_Soldier.dx90.vtx
hl2\models\Combine_Soldier.mdl
hl2\models\Combine_Soldier.phy
hl2\models\Combine_Soldier.sw.vtx
hl2\models\Combine_Soldier.vvd
hl2\models\combine_soldier_anims.ani
hl2\models\combine_soldier_anims.mdl
hl2\models\Combine_Soldier_PrisonGuard.dx80.vtx
hl2\models\Combine_Soldier_PrisonGuard.dx90.vtx
hl2\models\Combine_Soldier_PrisonGuard.mdl
hl2\models\Combine_Soldier_PrisonGuard.phy
hl2\models\Combine_Soldier_PrisonGuard.sw.vtx
hl2\models\Combine_Soldier_PrisonGuard.vvd
hl2\models\Combine_Strider.ani
hl2\models\Combine_Strider.dx80.vtx
hl2\models\Combine_Strider.dx90.vtx
hl2\models\Combine_Strider.mdl
hl2\models\Combine_Strider.phy
hl2\models\Combine_Strider.sw.vtx
hl2\models\Combine_Strider.vvd
hl2\models\Combine_Super_Soldier.dx80.vtx
hl2\models\Combine_Super_Soldier.dx90.vtx
hl2\models\Combine_Super_Soldier.mdl
hl2\models\Combine_Super_Soldier.phy
hl2\models\Combine_Super_Soldier.sw.vtx
hl2\models\Combine_Super_Soldier.vvd
hl2\models\Crow.ani
hl2\models\Crow.dx80.vtx
hl2\models\Crow.dx90.vtx
hl2\models\Crow.mdl
hl2\models\Crow.phy
hl2\models\Crow.sw.vtx
hl2\models\Crow.vvd
hl2\models\dog.dx80.vtx
hl2\models\dog.dx90.vtx
hl2\models\dog.mdl
hl2\models\dog.phy
hl2\models\dog.sw.vtx
hl2\models\dog.vvd
hl2\models\Dog_animations.ani
hl2\models\Dog_animations.mdl
hl2\models\Dog_Gestures.ani
hl2\models\Dog_Gestures.mdl
hl2\models\Dog_Postures.ani
hl2\models\Dog_Postures.mdl
hl2\models\eli_anims.ani
hl2\models\eli_anims.mdl
hl2\models\ELi_gestures.ani
hl2\models\ELi_gestures.mdl
hl2\models\Eli_postures.ani
hl2\models\Eli_postures.mdl
hl2\models\gman.ani
hl2\models\gman.dx80.vtx
hl2\models\gman.dx90.vtx
hl2\models\gman.mdl
hl2\models\gman.phy
hl2\models\gman.sw.vtx
hl2\models\gman.vvd
hl2\models\Gman_gestures.ani
hl2\models\Gman_gestures.mdl
hl2\models\gman_high.ani
hl2\models\gman_high.dx80.vtx
hl2\models\gman_high.dx90.vtx
hl2\models\gman_high.mdl
hl2\models\gman_high.phy
hl2\models\gman_high.sw.vtx
hl2\models\gman_high.vvd
hl2\models\gunship.dx80.vtx
hl2\models\gunship.dx90.vtx
hl2\models\gunship.mdl
hl2\models\gunship.phy
hl2\models\gunship.sw.vtx
hl2\models\gunship.vvd
hl2\models\headcrab.ani
hl2\models\headcrab.dx80.vtx
hl2\models\headcrab.dx90.vtx
hl2\models\headcrab.mdl
hl2\models\headcrab.phy
hl2\models\headcrab.sw.vtx
hl2\models\headcrab.vvd
hl2\models\headcrabblack.ani
hl2\models\headcrabblack.dx80.vtx
hl2\models\headcrabblack.dx90.vtx
hl2\models\headcrabblack.mdl
hl2\models\headcrabblack.phy
hl2\models\headcrabblack.sw.vtx
hl2\models\headcrabblack.vvd
hl2\models\headcrabclassic.ani
hl2\models\headcrabclassic.dx80.vtx
hl2\models\headcrabclassic.dx90.vtx
hl2\models\headcrabclassic.mdl
hl2\models\headcrabclassic.phy
hl2\models\headcrabclassic.sw.vtx
hl2\models\headcrabclassic.vvd
hl2\models\Ichthyosaur.ani
hl2\models\Ichthyosaur.dx80.vtx
hl2\models\Ichthyosaur.dx90.vtx
hl2\models\Ichthyosaur.mdl
hl2\models\Ichthyosaur.sw.vtx
hl2\models\Ichthyosaur.vvd
hl2\models\Kleiner_animations.ani
hl2\models\Kleiner_animations.mdl
hl2\models\Kleiner_gestures.ani
hl2\models\Kleiner_gestures.mdl
hl2\models\Kleiner_postures.ani
hl2\models\Kleiner_postures.mdl
hl2\models\Lamarr.ani
hl2\models\Lamarr.dx80.vtx
hl2\models\Lamarr.dx90.vtx
hl2\models\Lamarr.mdl
hl2\models\Lamarr.phy
hl2\models\Lamarr.sw.vtx
hl2\models\Lamarr.vvd
hl2\models\leech.ani
hl2\models\leech.dx80.vtx
hl2\models\leech.dx90.vtx
hl2\models\leech.mdl
hl2\models\leech.sw.vtx
hl2\models\leech.vvd
hl2\models\monk_animations.ani
hl2\models\monk_animations.mdl
hl2\models\MortarSynth.ani
hl2\models\MortarSynth.dx80.vtx
hl2\models\MortarSynth.dx90.vtx
hl2\models\MortarSynth.mdl
hl2\models\MortarSynth.sw.vtx
hl2\models\MortarSynth.vvd
hl2\models\mossman_anims.ani
hl2\models\mossman_anims.mdl
hl2\models\mossman_gestures.ani
hl2\models\mossman_gestures.mdl
hl2\models\mossman_postures.ani
hl2\models\mossman_postures.mdl
hl2\models\pigeon.ani
hl2\models\pigeon.dx80.vtx
hl2\models\pigeon.dx90.vtx
hl2\models\pigeon.mdl
hl2\models\pigeon.phy
hl2\models\pigeon.sw.vtx
hl2\models\pigeon.vvd
hl2\models\Police_animations.ani
hl2\models\Police_animations.mdl
hl2\models\Police_ss.ani
hl2\models\Police_ss.mdl
hl2\models\seagull.ani
hl2\models\Seagull.dx80.vtx
hl2\models\seagull.dx90.vtx
hl2\models\Seagull.mdl
hl2\models\Seagull.phy
hl2\models\seagull.sw.vtx
hl2\models\seagull.vvd
hl2\models\Shield_Scanner.ani
hl2\models\Shield_Scanner.dx80.vtx
hl2\models\Shield_Scanner.dx90.vtx
hl2\models\Shield_Scanner.mdl
hl2\models\Shield_Scanner.sw.vtx
hl2\models\Shield_Scanner.vvd
hl2\models\stalker.ani
hl2\models\stalker.dx80.vtx
hl2\models\stalker.dx90.vtx
hl2\models\stalker.mdl
hl2\models\stalker.phy
hl2\models\stalker.sw.vtx
hl2\models\stalker.vvd
hl2\models\Synth.ani
hl2\models\Synth.dx80.vtx
hl2\models\Synth.dx90.vtx
hl2\models\Synth.mdl
hl2\models\Synth.sw.vtx
hl2\models\Synth.vvd
hl2\models\vortigaunt.dx80.vtx
hl2\models\vortigaunt.dx90.vtx
hl2\models\vortigaunt.mdl
hl2\models\vortigaunt.phy
hl2\models\vortigaunt.sw.vtx
hl2\models\vortigaunt.vvd
hl2\models\Vortigaunt_Anims.ani
hl2\models\Vortigaunt_Anims.mdl
hl2\models\Vortigaunt_Gestures.ani
hl2\models\Vortigaunt_Gestures.mdl
hl2\models\Vortigaunt_Postures.ani
hl2\models\Vortigaunt_Postures.mdl
hl2\models\vortigaunt_slave.dx80.vtx
hl2\models\vortigaunt_slave.dx90.vtx
hl2\models\vortigaunt_slave.mdl
hl2\models\vortigaunt_slave.phy
hl2\models\vortigaunt_slave.sw.vtx
hl2\models\vortigaunt_slave.vvd
